Archive member included to satisfy reference by file (symbol)

/usr/lib/gcc/arm-none-eabi/13.2.1/thumb/v6-m/nofp/libgcc.a(_dvmd_tls.o)
                              CMakeFiles/hello_lcd.dir/home/windra/pico-sdk/src/rp2_common/pico_divider/divider_hardware.S.o (__aeabi_idiv0)
/usr/lib/gcc/arm-none-eabi/13.2.1/../../../arm-none-eabi/lib/thumb/v6-m/nofp/libg.a(libc_a-calloc.o)
                              CMakeFiles/hello_lcd.dir/home/windra/pico-sdk/src/rp2_common/pico_malloc/malloc.c.o (calloc)
/usr/lib/gcc/arm-none-eabi/13.2.1/../../../arm-none-eabi/lib/thumb/v6-m/nofp/libg.a(libc_a-impure.o)
                              /usr/lib/gcc/arm-none-eabi/13.2.1/../../../arm-none-eabi/lib/thumb/v6-m/nofp/libg.a(libc_a-calloc.o) (_impure_ptr)
/usr/lib/gcc/arm-none-eabi/13.2.1/../../../arm-none-eabi/lib/thumb/v6-m/nofp/libg.a(libc_a-callocr.o)
                              /usr/lib/gcc/arm-none-eabi/13.2.1/../../../arm-none-eabi/lib/thumb/v6-m/nofp/libg.a(libc_a-calloc.o) (_calloc_r)
/usr/lib/gcc/arm-none-eabi/13.2.1/../../../arm-none-eabi/lib/thumb/v6-m/nofp/libg.a(libc_a-realloc.o)
                              CMakeFiles/hello_lcd.dir/home/windra/pico-sdk/src/rp2_common/pico_malloc/malloc.c.o (realloc)
/usr/lib/gcc/arm-none-eabi/13.2.1/../../../arm-none-eabi/lib/thumb/v6-m/nofp/libg.a(libc_a-mallocr.o)
                              /usr/lib/gcc/arm-none-eabi/13.2.1/../../../arm-none-eabi/lib/thumb/v6-m/nofp/libg.a(libc_a-callocr.o) (_malloc_r)
/usr/lib/gcc/arm-none-eabi/13.2.1/../../../arm-none-eabi/lib/thumb/v6-m/nofp/libg.a(libc_a-freer.o)
                              /usr/lib/gcc/arm-none-eabi/13.2.1/../../../arm-none-eabi/lib/thumb/v6-m/nofp/libg.a(libc_a-mallocr.o) (_free_r)
/usr/lib/gcc/arm-none-eabi/13.2.1/../../../arm-none-eabi/lib/thumb/v6-m/nofp/libg.a(libc_a-memcmp.o)
                              CMakeFiles/hello_lcd.dir/home/windra/pico-sdk/src/rp2_common/pico_atomic/atomic.c.o (memcmp)
/usr/lib/gcc/arm-none-eabi/13.2.1/../../../arm-none-eabi/lib/thumb/v6-m/nofp/libg.a(libc_a-malloc.o)
                              CMakeFiles/hello_lcd.dir/home/windra/pico-sdk/src/rp2_common/pico_malloc/malloc.c.o (malloc)
/usr/lib/gcc/arm-none-eabi/13.2.1/../../../arm-none-eabi/lib/thumb/v6-m/nofp/libg.a(libc_a-sysconf.o)
                              /usr/lib/gcc/arm-none-eabi/13.2.1/../../../arm-none-eabi/lib/thumb/v6-m/nofp/libg.a(libc_a-mallocr.o) (sysconf)
/usr/lib/gcc/arm-none-eabi/13.2.1/../../../arm-none-eabi/lib/thumb/v6-m/nofp/libg.a(libc_a-reallocr.o)
                              /usr/lib/gcc/arm-none-eabi/13.2.1/../../../arm-none-eabi/lib/thumb/v6-m/nofp/libg.a(libc_a-realloc.o) (_realloc_r)
/usr/lib/gcc/arm-none-eabi/13.2.1/../../../arm-none-eabi/lib/thumb/v6-m/nofp/libg.a(libc_a-mktime.o)
                              CMakeFiles/hello_lcd.dir/home/windra/pico-sdk/src/common/pico_util/datetime.c.o (mktime)
/usr/lib/gcc/arm-none-eabi/13.2.1/../../../arm-none-eabi/lib/thumb/v6-m/nofp/libg.a(libc_a-mlock.o)
                              /usr/lib/gcc/arm-none-eabi/13.2.1/../../../arm-none-eabi/lib/thumb/v6-m/nofp/libg.a(libc_a-mallocr.o) (__malloc_lock)
/usr/lib/gcc/arm-none-eabi/13.2.1/../../../arm-none-eabi/lib/thumb/v6-m/nofp/libg.a(libc_a-findfp.o)
                              /usr/lib/gcc/arm-none-eabi/13.2.1/../../../arm-none-eabi/lib/thumb/v6-m/nofp/libg.a(libc_a-impure.o) (__sf)
/usr/lib/gcc/arm-none-eabi/13.2.1/../../../arm-none-eabi/lib/thumb/v6-m/nofp/libg.a(libc_a-tzlock.o)
                              /usr/lib/gcc/arm-none-eabi/13.2.1/../../../arm-none-eabi/lib/thumb/v6-m/nofp/libg.a(libc_a-mktime.o) (__tz_lock)
/usr/lib/gcc/arm-none-eabi/13.2.1/../../../arm-none-eabi/lib/thumb/v6-m/nofp/libg.a(libc_a-lcltime_r.o)
                              CMakeFiles/hello_lcd.dir/home/windra/pico-sdk/src/common/pico_util/datetime.c.o (localtime_r)
/usr/lib/gcc/arm-none-eabi/13.2.1/../../../arm-none-eabi/lib/thumb/v6-m/nofp/libg.a(libc_a-strlen-stub.o)
                              CMakeFiles/hello_lcd.dir/hello_lcd.c.o (strlen)
/usr/lib/gcc/arm-none-eabi/13.2.1/../../../arm-none-eabi/lib/thumb/v6-m/nofp/libg.a(libc_a-sbrkr.o)
                              /usr/lib/gcc/arm-none-eabi/13.2.1/../../../arm-none-eabi/lib/thumb/v6-m/nofp/libg.a(libc_a-mallocr.o) (_sbrk_r)
/usr/lib/gcc/arm-none-eabi/13.2.1/../../../arm-none-eabi/lib/thumb/v6-m/nofp/libg.a(libc_a-fwalk.o)
                              /usr/lib/gcc/arm-none-eabi/13.2.1/../../../arm-none-eabi/lib/thumb/v6-m/nofp/libg.a(libc_a-findfp.o) (_fwalk_sglue)
/usr/lib/gcc/arm-none-eabi/13.2.1/../../../arm-none-eabi/lib/thumb/v6-m/nofp/libg.a(libc_a-div.o)
                              /usr/lib/gcc/arm-none-eabi/13.2.1/../../../arm-none-eabi/lib/thumb/v6-m/nofp/libg.a(libc_a-mktime.o) (div)
/usr/lib/gcc/arm-none-eabi/13.2.1/../../../arm-none-eabi/lib/thumb/v6-m/nofp/libg.a(libc_a-memmove.o)
                              /usr/lib/gcc/arm-none-eabi/13.2.1/../../../arm-none-eabi/lib/thumb/v6-m/nofp/libg.a(libc_a-reallocr.o) (memmove)
[...]
Memory Configuration

Name             Origin             Length             Attributes
FLASH            0x10000000         0x00200000         xr
XIP_RAM          0x15000000         0x00004000         xrw
RAM              0x20000000         0x00040000         xrw
SCRATCH_X        0x20040000         0x00001000         xrw
SCRATCH_Y        0x20041000         0x00001000         xrw
*default*        0x00000000         0xffffffff

Linker script and memory map

                0x20000000                        RAM_ORIGIN_DEFAULT = 0x20000000
                0x00040000                        RAM_LENGTH_DEFAULT = 0x40000
                0x20040000                        SCRATCH_X_ORIGIN_DEFAULT = 0x20040000
                0x00001000                        SCRATCH_X_LENGTH_DEFAULT = 0x1000
                0x20041000                        SCRATCH_Y_ORIGIN_DEFAULT = 0x20041000
                0x00001000                        SCRATCH_Y_LENGTH_DEFAULT = 0x1000
                0x15000000                        XIP_RAM_ORIGIN_DEFAULT = 0x15000000
                0x00004000                        XIP_RAM_LENGTH_DEFAULT = 0x4000
LOAD CMakeFiles/hello_lcd.dir/hello_lcd.c.o
LOAD CMakeFiles/hello_lcd.dir/home/windra/pico-sdk/src/rp2_common/pico_stdlib/stdlib.c.o
LOAD CMakeFiles/hello_lcd.dir/home/windra/pico-sdk/src/rp2_common/hardware_gpio/gpio.c.o
LOAD CMakeFiles/hello_lcd.dir/home/windra/pico-sdk/src/rp2040/pico_platform/platform.c.o
LOAD CMakeFiles/hello_lcd.dir/home/windra/pico-sdk/src/rp2_common/pico_platform_common/common.c.o
LOAD CMakeFiles/hello_lcd.dir/home/windra/pico-sdk/src/rp2_common/pico_platform_panic/panic.c.o
LOAD CMakeFiles/hello_lcd.dir/home/windra/pico-sdk/src/rp2_common/pico_platform_panic/custom_panic_function.S.o
LOAD CMakeFiles/hello_lcd.dir/home/windra/pico-sdk/src/common/hardware_claim/claim.c.o
LOAD CMakeFiles/hello_lcd.dir/home/windra/pico-sdk/src/rp2_common/hardware_sync/sync.c.o
LOAD CMakeFiles/hello_lcd.dir/home/windra/pico-sdk/src/rp2_common/hardware_sync_spin_lock/sync_spin_lock.c.o
LOAD CMakeFiles/hello_lcd.dir/home/windra/pico-sdk/src/rp2_common/hardware_irq/irq.c.o
LOAD CMakeFiles/hello_lcd.dir/home/windra/pico-sdk/src/rp2_common/hardware_irq/irq_handler_chain.S.o
LOAD CMakeFiles/hello_lcd.dir/home/windra/pico-sdk/src/common/pico_sync/sem.c.o
LOAD CMakeFiles/hello_lcd.dir/home/windra/pico-sdk/src/common/pico_sync/lock_core.c.o
LOAD CMakeFiles/hello_lcd.dir/home/windra/pico-sdk/src/common/pico_sync/mutex.c.o
LOAD CMakeFiles/hello_lcd.dir/home/windra/pico-sdk/src/common/pico_sync/critical_section.c.o
LOAD CMakeFiles/hello_lcd.dir/home/windra/pico-sdk/src/common/pico_time/time.c.o
LOAD CMakeFiles/hello_lcd.dir/home/windra/pico-sdk/src/common/pico_time/timeout_helper.c.o
LOAD CMakeFiles/hello_lcd.dir/home/windra/pico-sdk/src/rp2_common/hardware_timer/timer.c.o
LOAD CMakeFiles/hello_lcd.dir/home/windra/pico-sdk/src/common/pico_util/datetime.c.o
LOAD CMakeFiles/hello_lcd.dir/home/windra/pico-sdk/src/common/pico_util/fixed_bitset.c.o
LOAD CMakeFiles/hello_lcd.dir/home/windra/pico-sdk/src/common/pico_util/pheap.c.o
LOAD CMakeFiles/hello_lcd.dir/home/windra/pico-sdk/src/common/pico_util/queue.c.o
LOAD CMakeFiles/hello_lcd.dir/home/windra/pico-sdk/src/rp2_common/hardware_uart/uart.c.o
LOAD CMakeFiles/hello_lcd.dir/home/windra/pico-sdk/src/rp2_common/hardware_clocks/clocks.c.o
LOAD CMakeFiles/hello_lcd.dir/home/windra/pico-sdk/src/rp2_common/hardware_pll/pll.c.o
LOAD CMakeFiles/hello_lcd.dir/home/windra/pico-sdk/src/rp2_common/hardware_vreg/vreg.c.o
LOAD CMakeFiles/hello_lcd.dir/home/windra/pico-sdk/src/rp2_common/hardware_watchdog/watchdog.c.o
LOAD CMakeFiles/hello_lcd.dir/home/windra/pico-sdk/src/rp2_common/hardware_ticks/ticks.c.o
LOAD CMakeFiles/hello_lcd.dir/home/windra/pico-sdk/src/rp2_common/pico_bootrom/bootrom.c.o
LOAD CMakeFiles/hello_lcd.dir/home/windra/pico-sdk/src/rp2_common/pico_bootrom/bootrom_lock.c.o
LOAD CMakeFiles/hello_lcd.dir/home/windra/pico-sdk/src/rp2_common/hardware_boot_lock/boot_lock.c.o
LOAD CMakeFiles/hello_lcd.dir/home/windra/pico-sdk/src/rp2_common/pico_flash/flash.c.o
LOAD CMakeFiles/hello_lcd.dir/home/windra/pico-sdk/src/rp2_common/hardware_xosc/xosc.c.o
LOAD CMakeFiles/hello_lcd.dir/home/windra/pico-sdk/src/rp2_common/hardware_divider/divider.S.o
LOAD CMakeFiles/hello_lcd.dir/home/windra/pico-sdk/src/rp2_common/pico_runtime/runtime.c.o
LOAD CMakeFiles/hello_lcd.dir/home/windra/pico-sdk/src/rp2_common/pico_runtime_init/runtime_init.c.o
LOAD CMakeFiles/hello_lcd.dir/home/windra/pico-sdk/src/rp2_common/pico_runtime_init/runtime_init_clocks.c.o
LOAD CMakeFiles/hello_lcd.dir/home/windra/pico-sdk/src/rp2_common/pico_runtime_init/runtime_init_stack_guard.c.o
LOAD CMakeFiles/hello_lcd.dir/home/windra/pico-sdk/src/rp2_common/hardware_rtc/rtc.c.o
LOAD CMakeFiles/hello_lcd.dir/home/windra/pico-sdk/src/rp2_common/pico_bit_ops/bit_ops_aeabi.S.o
LOAD CMakeFiles/hello_lcd.dir/home/windra/pico-sdk/src/rp2_common/pico_divider/divider_hardware.S.o
LOAD CMakeFiles/hello_lcd.dir/home/windra/pico-sdk/src/rp2_common/pico_double/double_aeabi_rp2040.S.o
LOAD CMakeFiles/hello_lcd.dir/home/windra/pico-sdk/src/rp2_common/pico_double/double_init_rom_rp2040.c.o
LOAD CMakeFiles/hello_lcd.dir/home/windra/pico-sdk/src/rp2_common/pico_double/double_math.c.o
LOAD CMakeFiles/hello_lcd.dir/home/windra/pico-sdk/src/rp2_common/pico_double/double_v1_rom_shim_rp2040.S.o
LOAD CMakeFiles/hello_lcd.dir/home/windra/pico-sdk/src/rp2_common/pico_int64_ops/pico_int64_ops_aeabi.S.o
LOAD CMakeFiles/hello_lcd.dir/home/windra/pico-sdk/src/rp2_common/pico_float/float_aeabi_rp2040.S.o
LOAD CMakeFiles/hello_lcd.dir/home/windra/pico-sdk/src/rp2_common/pico_float/float_init_rom_rp2040.c.o
LOAD CMakeFiles/hello_lcd.dir/home/windra/pico-sdk/src/rp2_common/pico_float/float_math.c.o
LOAD CMakeFiles/hello_lcd.dir/home/windra/pico-sdk/src/rp2_common/pico_float/float_v1_rom_shim_rp2040.S.o
LOAD CMakeFiles/hello_lcd.dir/home/windra/pico-sdk/src/rp2_common/pico_malloc/malloc.c.o
LOAD CMakeFiles/hello_lcd.dir/home/windra/pico-sdk/src/rp2_common/pico_mem_ops/mem_ops_aeabi.S.o
LOAD CMakeFiles/hello_lcd.dir/home/windra/pico-sdk/src/rp2_common/pico_atomic/atomic.c.o
LOAD CMakeFiles/hello_lcd.dir/home/windra/pico-sdk/src/rp2_common/pico_cxx_options/new_delete.cpp.o
LOAD CMakeFiles/hello_lcd.dir/home/windra/pico-sdk/src/rp2_common/pico_standard_binary_info/standard_binary_info.c.o
LOAD CMakeFiles/hello_lcd.dir/home/windra/pico-sdk/src/rp2_common/pico_printf/printf.c.o
LOAD CMakeFiles/hello_lcd.dir/home/windra/pico-sdk/src/rp2_common/pico_crt0/crt0.S.o
LOAD CMakeFiles/hello_lcd.dir/home/windra/pico-sdk/src/rp2_common/pico_clib_interface/newlib_interface.c.o
LOAD CMakeFiles/hello_lcd.dir/home/windra/pico-sdk/src/rp2_common/pico_clib_interface/cxa_guard.c.o
LOAD CMakeFiles/hello_lcd.dir/home/windra/pico-sdk/src/rp2_common/pico_stdio/stdio.c.o
LOAD CMakeFiles/hello_lcd.dir/home/windra/pico-sdk/src/rp2_common/pico_stdio_uart/stdio_uart.c.o
LOAD CMakeFiles/hello_lcd.dir/home/windra/pico-sdk/src/rp2_common/pico_thread_local/thread_local.c.o
LOAD CMakeFiles/hello_lcd.dir/home/windra/pico-sdk/src/rp2_common/hardware_i2c/i2c.c.o
LOAD pico-sdk/src/rp2040/boot_stage2/CMakeFiles/bs2_default_library.dir/bs2_default_padded_checksummed.S.o
LOAD /usr/lib/gcc/arm-none-eabi/13.2.1/../../../arm-none-eabi/lib/thumb/v6-m/nofp/libstdc++.a
LOAD /usr/lib/gcc/arm-none-eabi/13.2.1/../../../arm-none-eabi/lib/thumb/v6-m/nofp/libm.a
START GROUP
LOAD /usr/lib/gcc/arm-none-eabi/13.2.1/thumb/v6-m/nofp/libgcc.a
LOAD /usr/lib/gcc/arm-none-eabi/13.2.1/../../../arm-none-eabi/lib/thumb/v6-m/nofp/libg.a
LOAD /usr/lib/gcc/arm-none-eabi/13.2.1/../../../arm-none-eabi/lib/thumb/v6-m/nofp/libc.a
END GROUP
                0x20000000                        PROVIDE (RAM_ORIGIN = RAM_ORIGIN_DEFAULT)
                0x00040000                        PROVIDE (RAM_LENGTH = RAM_LENGTH_DEFAULT)
                0x20040000                        PROVIDE (SCRATCH_X_ORIGIN = SCRATCH_X_ORIGIN_DEFAULT)
                0x00001000                        PROVIDE (SCRATCH_X_LENGTH = SCRATCH_X_LENGTH_DEFAULT)
                0x20041000                        PROVIDE (SCRATCH_Y_ORIGIN = SCRATCH_Y_ORIGIN_DEFAULT)
                0x00001000                        PROVIDE (SCRATCH_Y_LENGTH = SCRATCH_Y_LENGTH_DEFAULT)
                0x15000000                        PROVIDE (XIP_RAM_ORIGIN = XIP_RAM_ORIGIN_DEFAULT)
                0x00004000                        PROVIDE (XIP_RAM_LENGTH = XIP_RAM_LENGTH_DEFAULT)
                0x20000000                        RAM_ORIGIN = DEFINED (RAM_ORIGIN)?RAM_ORIGIN:RAM_ORIGIN_DEFAULT
                0x00040000                        RAM_LENGTH = DEFINED (RAM_LENGTH)?RAM_LENGTH:RAM_LENGTH_DEFAULT
                0x20040000                        SCRATCH_X_ORIGIN = DEFINED (SCRATCH_X_ORIGIN)?SCRATCH_X_ORIGIN:SCRATCH_X_ORIGIN_DEFAULT
                0x00001000                        SCRATCH_X_LENGTH = DEFINED (SCRATCH_X_LENGTH)?SCRATCH_X_LENGTH:SCRATCH_X_LENGTH_DEFAULT
                0x20041000                        SCRATCH_Y_ORIGIN = DEFINED (SCRATCH_Y_ORIGIN)?SCRATCH_Y_ORIGIN:SCRATCH_Y_ORIGIN_DEFAULT
                0x00001000                        SCRATCH_Y_LENGTH = DEFINED (SCRATCH_Y_LENGTH)?SCRATCH_Y_LENGTH:SCRATCH_Y_LENGTH_DEFAULT
                0x15000000                        XIP_RAM_ORIGIN = DEFINED (XIP_RAM_ORIGIN)?XIP_RAM_ORIGIN:XIP_RAM_ORIGIN_DEFAULT
                0x00004000                        XIP_RAM_LENGTH = DEFINED (XIP_RAM_LENGTH)?XIP_RAM_LENGTH:XIP_RAM_LENGTH_DEFAULT

.flash_begin    0x10000000        0x0
                0x10000000                        __flash_binary_start = .

.boot2          0x10000000      0x100
                0x10000000                        __boot2_start__ = .
 *(.boot2)
 .boot2         0x10000000      0x100 pico-sdk/src/rp2040/boot_stage2/CMakeFiles/bs2_default_library.dir/bs2_default_padded_checksummed.S.o
                0x10000100                        __boot2_end__ = .
                0x00000001                        ASSERT (((__boot2_end__ - __boot2_start__) == 0x100), ERROR: Pico second stage bootloader must be exactly 256 bytes in size for RP2040)

.text           0x10000100     0x2104
                0x10000100                        __logical_binary_start = .
 *(.vectors)
 .vectors       0x10000100       0xd4 CMakeFiles/hello_lcd.dir/home/windra/pico-sdk/src/rp2_common/pico_crt0/crt0.S.o
                0x10000100                __vectors
                0x10000100                __VECTOR_TABLE
                0x100001c0                isr_irq30
                0x100001c0                __unhandled_user_irq
                0x100001c0                isr_irq13
                0x100001c0                isr_irq27
                0x100001c0                isr_irq31
                0x100001c0                isr_irq5
                0x100001c0                isr_irq11
                0x100001c0                isr_irq23
                0x100001c0                isr_irq18
                0x100001c0                isr_irq28
                0x100001c0                isr_irq19
                0x100001c0                isr_irq0
                0x100001c0                isr_irq6
                0x100001c0                isr_irq22
                0x100001c0                isr_irq17
                0x100001c0                isr_irq14
                0x100001c0                __vectors_end
                0x100001c0                __default_isrs_start
                0x100001c0                isr_irq2
                0x100001c0                isr_irq10
                0x100001c0                isr_irq8
                0x100001c0                isr_irq24
                0x100001c0                isr_irq1
                0x100001c0                isr_irq7
                0x100001c0                isr_irq21
                0x100001c0                isr_irq20
                0x100001c0                isr_irq15
                0x100001c0                isr_irq25
                0x100001c0                isr_irq4
                0x100001c0                isr_irq16
                0x100001c0                isr_irq29
                0x100001c0                isr_irq26
                0x100001c0                isr_irq3
                0x100001c0                isr_irq12
                0x100001c0                isr_irq9
                0x100001c6                unhandled_user_irq_num_in_r0
                0x100001c8                isr_invalid
                0x100001ca                isr_nmi
                0x100001cc                isr_hardfault
                0x100001ce                isr_svcall
                0x100001d0                isr_pendsv
                0x100001d2                isr_systick
                0x100001d4                __default_isrs_end
 *(.binary_info_header)
 .binary_info_header
                0x100001d4       0x14 CMakeFiles/hello_lcd.dir/home/windra/pico-sdk/src/rp2_common/pico_crt0/crt0.S.o
                0x100001e8                        __binary_info_header_end = .
 *(.embedded_block)
                0x100001e8                        __embedded_block_end = .
 *(.reset)
 .reset         0x100001e8       0x98 CMakeFiles/hello_lcd.dir/home/windra/pico-sdk/src/rp2_common/pico_crt0/crt0.S.o
                0x100001e8                _entry_point
 *(.init)
 *libgcc.a:cmse_nonsecure_call.o()
 *(EXCLUDE_FILE(*libm.a: *lib*_a-mem*.o *libc.a: *libgcc.a:) .text*)
 .text.lcd_init
                0x10000280      0x580 CMakeFiles/hello_lcd.dir/hello_lcd.c.o
                0x10000280                lcd_init
 .text.startup.main
                0x10000800      0x2fc CMakeFiles/hello_lcd.dir/hello_lcd.c.o
                0x10000800                main
 .text.gpio_set_function
                0x10000afc       0x34 CMakeFiles/hello_lcd.dir/home/windra/pico-sdk/src/rp2_common/hardware_gpio/gpio.c.o
                0x10000afc                gpio_set_function
 .text.gpio_set_pulls
                0x10000b30       0x28 CMakeFiles/hello_lcd.dir/home/windra/pico-sdk/src/rp2_common/hardware_gpio/gpio.c.o
                0x10000b30                gpio_set_pulls
 .text.panic    0x10000b58       0x30 CMakeFiles/hello_lcd.dir/home/windra/pico-sdk/src/rp2_common/pico_platform_panic/panic.c.o
                0x10000b58                panic
 .text.hw_claim_or_assert
                0x10000b88       0x44 CMakeFiles/hello_lcd.dir/home/windra/pico-sdk/src/common/hardware_claim/claim.c.o
                0x10000b88                hw_claim_or_assert
 .text.next_striped_spin_lock_num
                0x10000bcc       0x18 CMakeFiles/hello_lcd.dir/home/windra/pico-sdk/src/rp2_common/hardware_sync/sync.c.o
                0x10000bcc                next_striped_spin_lock_num
 .text.spin_locks_reset
                0x10000be4       0x1c CMakeFiles/hello_lcd.dir/home/windra/pico-sdk/src/rp2_common/hardware_sync_spin_lock/sync_spin_lock.c.o
                0x10000be4                spin_locks_reset
 .text.runtime_init_per_core_irq_priorities
                0x10000c00       0x24 CMakeFiles/hello_lcd.dir/home/windra/pico-sdk/src/rp2_common/hardware_irq/irq.c.o
                0x10000c00                runtime_init_per_core_irq_priorities
 .text.irq_set_enabled
                0x10000c24       0x24 CMakeFiles/hello_lcd.dir/home/windra/pico-sdk/src/rp2_common/hardware_irq/irq.c.o
                0x10000c24                irq_set_enabled
 .text.irq_set_exclusive_handler
                0x10000c48       0x54 CMakeFiles/hello_lcd.dir/home/windra/pico-sdk/src/rp2_common/hardware_irq/irq.c.o
                0x10000c48                irq_set_exclusive_handler
 .text.lock_init
                0x10000c9c       0x10 CMakeFiles/hello_lcd.dir/home/windra/pico-sdk/src/common/pico_sync/lock_core.c.o
                0x10000c9c                lock_init
 .text.runtime_init_mutex
                0x10000cac       0x50 CMakeFiles/hello_lcd.dir/home/windra/pico-sdk/src/common/pico_sync/mutex.c.o
                0x10000cac                runtime_init_mutex
 .text.sleep_until_callback
                0x10000cfc       0x30 CMakeFiles/hello_lcd.dir/home/windra/pico-sdk/src/common/pico_time/time.c.o
 .text.alarm_pool_irq_handler
                0x10000d2c      0x2fc CMakeFiles/hello_lcd.dir/home/windra/pico-sdk/src/common/pico_time/time.c.o
 .text.runtime_init_default_alarm_pool
                0x10001028       0xdc CMakeFiles/hello_lcd.dir/home/windra/pico-sdk/src/common/pico_time/time.c.o
                0x10001028                runtime_init_default_alarm_pool
 .text.alarm_pool_add_alarm_at_force_in_context
                0x10001104       0xb0 CMakeFiles/hello_lcd.dir/home/windra/pico-sdk/src/common/pico_time/time.c.o
                0x10001104                alarm_pool_add_alarm_at_force_in_context
 .text.alarm_pool_cancel_alarm
                0x100011b4       0x74 CMakeFiles/hello_lcd.dir/home/windra/pico-sdk/src/common/pico_time/time.c.o
                0x100011b4                alarm_pool_cancel_alarm
 .text.sleep_until
                0x10001228       0xd8 CMakeFiles/hello_lcd.dir/home/windra/pico-sdk/src/common/pico_time/time.c.o
                0x10001228                sleep_until
 .text.sleep_us
                0x10001300       0x28 CMakeFiles/hello_lcd.dir/home/windra/pico-sdk/src/common/pico_time/time.c.o
                0x10001300                sleep_us
 .text.sleep_ms
                0x10001328       0x38 CMakeFiles/hello_lcd.dir/home/windra/pico-sdk/src/common/pico_time/time.c.o
                0x10001328                sleep_ms
 .text.best_effort_wfe_or_timeout
                0x10001360      0x118 CMakeFiles/hello_lcd.dir/home/windra/pico-sdk/src/common/pico_time/time.c.o
                0x10001360                best_effort_wfe_or_timeout
 .text.timer_hardware_alarm_claim
                0x10001478       0x14 CMakeFiles/hello_lcd.dir/home/windra/pico-sdk/src/rp2_common/hardware_timer/timer.c.o
                0x10001478                timer_hardware_alarm_claim
 .text.timer_time_us_64
                0x1000148c       0x10 CMakeFiles/hello_lcd.dir/home/windra/pico-sdk/src/rp2_common/hardware_timer/timer.c.o
                0x1000148c                timer_time_us_64
 .text.time_us_64
                0x1000149c       0x14 CMakeFiles/hello_lcd.dir/home/windra/pico-sdk/src/rp2_common/hardware_timer/timer.c.o
                0x1000149c                time_us_64
 .text.busy_wait_until
                0x100014b0       0x20 CMakeFiles/hello_lcd.dir/home/windra/pico-sdk/src/rp2_common/hardware_timer/timer.c.o
                0x100014b0                busy_wait_until
 .text.clock_configure_int_divider
                0x100014d0       0xf4 CMakeFiles/hello_lcd.dir/home/windra/pico-sdk/src/rp2_common/hardware_clocks/clocks.c.o
                0x100014d0                clock_configure_int_divider
 .text.clock_configure_undivided
                0x100015c4       0xe8 CMakeFiles/hello_lcd.dir/home/windra/pico-sdk/src/rp2_common/hardware_clocks/clocks.c.o
                0x100015c4                clock_configure_undivided
 .text.clock_get_hz
                0x100016ac        0xc CMakeFiles/hello_lcd.dir/home/windra/pico-sdk/src/rp2_common/hardware_clocks/clocks.c.o
                0x100016ac                clock_get_hz
 .text.pll_init
                0x100016b8       0xa4 CMakeFiles/hello_lcd.dir/home/windra/pico-sdk/src/rp2_common/hardware_pll/pll.c.o
                0x100016b8                pll_init
 .text.tick_start
                0x1000175c       0x10 CMakeFiles/hello_lcd.dir/home/windra/pico-sdk/src/rp2_common/hardware_ticks/ticks.c.o
                0x1000175c                tick_start
 .text.rom_func_lookup
                0x1000176c       0x10 CMakeFiles/hello_lcd.dir/home/windra/pico-sdk/src/rp2_common/pico_bootrom/bootrom.c.o
                0x1000176c                rom_func_lookup
 .text.rom_data_lookup
                0x1000177c       0x10 CMakeFiles/hello_lcd.dir/home/windra/pico-sdk/src/rp2_common/pico_bootrom/bootrom.c.o
                0x1000177c                rom_data_lookup
 .text.rom_funcs_lookup
                0x1000178c       0x44 CMakeFiles/hello_lcd.dir/home/windra/pico-sdk/src/rp2_common/pico_bootrom/bootrom.c.o
                0x1000178c                rom_funcs_lookup
 .text.xosc_init
                0x100017d0       0x28 CMakeFiles/hello_lcd.dir/home/windra/pico-sdk/src/rp2_common/hardware_xosc/xosc.c.o
                0x100017d0                xosc_init
 .text.first_per_core_initializer
                0x100017f8        0x4 CMakeFiles/hello_lcd.dir/home/windra/pico-sdk/src/rp2_common/pico_runtime/runtime.c.o
 .text.hard_assertion_failure
                0x100017fc        0xc CMakeFiles/hello_lcd.dir/home/windra/pico-sdk/src/rp2_common/pico_runtime/runtime.c.o
                0x100017fc                hard_assertion_failure
 .text.runtime_run_initializers
                0x10001808       0x28 CMakeFiles/hello_lcd.dir/home/windra/pico-sdk/src/rp2_common/pico_runtime/runtime.c.o
                0x10001808                runtime_run_initializers
 .text.runtime_init_early_resets
                0x10001830       0x2c CMakeFiles/hello_lcd.dir/home/windra/pico-sdk/src/rp2_common/pico_runtime_init/runtime_init.c.o
                0x10001830                runtime_init_early_resets
 .text.runtime_init_usb_power_down
                0x1000185c       0x1c CMakeFiles/hello_lcd.dir/home/windra/pico-sdk/src/rp2_common/pico_runtime_init/runtime_init.c.o
                0x1000185c                runtime_init_usb_power_down
 .text.runtime_init_post_clock_resets
                0x10001878       0x20 CMakeFiles/hello_lcd.dir/home/windra/pico-sdk/src/rp2_common/pico_runtime_init/runtime_init.c.o
                0x10001878                runtime_init_post_clock_resets
 .text.runtime_init_rp2040_gpio_ie_disable
                0x10001898       0x14 CMakeFiles/hello_lcd.dir/home/windra/pico-sdk/src/rp2_common/pico_runtime_init/runtime_init.c.o
                0x10001898                runtime_init_rp2040_gpio_ie_disable
 .text.runtime_init_spin_locks_reset
                0x100018ac        0x8 CMakeFiles/hello_lcd.dir/home/windra/pico-sdk/src/rp2_common/pico_runtime_init/runtime_init.c.o
                0x100018ac                runtime_init_spin_locks_reset
 .text.runtime_init_install_ram_vector_table
                0x100018b4       0xb4 CMakeFiles/hello_lcd.dir/home/windra/pico-sdk/src/rp2_common/pico_runtime_init/runtime_init.c.o
                0x100018b4                runtime_init_install_ram_vector_table
 .text.runtime_init_clocks
                0x10001968       0xd8 CMakeFiles/hello_lcd.dir/home/windra/pico-sdk/src/rp2_common/pico_runtime_init/runtime_init_clocks.c.o
                0x10001968                runtime_init_clocks
 .text          0x10001a40       0x10 CMakeFiles/hello_lcd.dir/home/windra/pico-sdk/src/rp2_common/pico_bit_ops/bit_ops_aeabi.S.o
 .text.__wrap___aeabi_uidiv
                0x10001a50       0x4c CMakeFiles/hello_lcd.dir/home/windra/pico-sdk/src/rp2_common/pico_divider/divider_hardware.S.o
                0x10001a50                __wrap___aeabi_uidiv
                0x10001a50                __wrap___aeabi_uidivmod
                0x10001a50                div_u32u32
                0x10001a50                divmod_u32u32
                0x10001a80                divmod_u32u32_savestate
 .text.__aeabi_double_init
                0x10001a9c       0xa4 CMakeFiles/hello_lcd.dir/home/windra/pico-sdk/src/rp2_common/pico_double/double_init_rom_rp2040.c.o
                0x10001a9c                __aeabi_double_init
 .text.double_table_shim_on_use_helper
                0x10001b40       0x2c CMakeFiles/hello_lcd.dir/home/windra/pico-sdk/src/rp2_common/pico_double/double_v1_rom_shim_rp2040.S.o
                0x10001b40                double_table_shim_on_use_helper
 .text.__aeabi_lmul
                0x10001b6c       0x32 CMakeFiles/hello_lcd.dir/home/windra/pico-sdk/src/rp2_common/pico_int64_ops/pico_int64_ops_aeabi.S.o
                0x10001b6c                __wrap___aeabi_lmul
 *fill*         0x10001b9e        0x2 
 .text.__aeabi_float_init
                0x10001ba0       0x64 CMakeFiles/hello_lcd.dir/home/windra/pico-sdk/src/rp2_common/pico_float/float_init_rom_rp2040.c.o
                0x10001ba0                __aeabi_float_init
 .text.float_table_shim_on_use_helper
                0x10001c04       0x2c CMakeFiles/hello_lcd.dir/home/windra/pico-sdk/src/rp2_common/pico_float/float_v1_rom_shim_rp2040.S.o
                0x10001c04                float_table_shim_on_use_helper
 .text          0x10001c30       0x10 CMakeFiles/hello_lcd.dir/home/windra/pico-sdk/src/rp2_common/pico_mem_ops/mem_ops_aeabi.S.o
                0x10001c30                __aeabi_mem_init
 .text.memcpy   0x10001c40        0xc CMakeFiles/hello_lcd.dir/home/windra/pico-sdk/src/rp2_common/pico_mem_ops/mem_ops_aeabi.S.o
                0x10001c40                __wrap___aeabi_memcpy
                0x10001c40                __wrap_memcpy
 .text._out_char
                0x10001c4c       0x10 CMakeFiles/hello_lcd.dir/home/windra/pico-sdk/src/rp2_common/pico_printf/printf.c.o
 .text.weak_raw_vprintf
                0x10001c5c       0x30 CMakeFiles/hello_lcd.dir/home/windra/pico-sdk/src/rp2_common/pico_printf/printf.c.o
                0x10001c5c                weak_raw_vprintf
 .text._exit    0x10001c8c        0x4 CMakeFiles/hello_lcd.dir/home/windra/pico-sdk/src/rp2_common/pico_clib_interface/newlib_interface.c.o
                0x10001c8c                _exit
 .text._fini    0x10001c90        0x4 CMakeFiles/hello_lcd.dir/home/windra/pico-sdk/src/rp2_common/pico_clib_interface/newlib_interface.c.o
                0x10001c90                _fini
 .text.exit     0x10001c94        0x8 CMakeFiles/hello_lcd.dir/home/windra/pico-sdk/src/rp2_common/pico_clib_interface/newlib_interface.c.o
                0x10001c94                exit
 .text.runtime_init
                0x10001c9c       0x2c CMakeFiles/hello_lcd.dir/home/windra/pico-sdk/src/rp2_common/pico_clib_interface/newlib_interface.c.o
                0x10001c9c                runtime_init
 .text.stdio_out_chars_no_crlf
                0x10001cc8       0x10 CMakeFiles/hello_lcd.dir/home/windra/pico-sdk/src/rp2_common/pico_stdio/stdio.c.o
 .text.stdio_out_chars_crlf
                0x10001cd8       0x94 CMakeFiles/hello_lcd.dir/home/windra/pico-sdk/src/rp2_common/pico_stdio/stdio.c.o
 .text.stdio_put_string
                0x10001d6c      0x100 CMakeFiles/hello_lcd.dir/home/windra/pico-sdk/src/rp2_common/pico_stdio/stdio.c.o
                0x10001d6c                stdio_put_string
 .text.__wrap_putchar
                0x10001e6c       0x98 CMakeFiles/hello_lcd.dir/home/windra/pico-sdk/src/rp2_common/pico_stdio/stdio.c.o
                0x10001e6c                stdio_putchar
                0x10001e6c                __wrap_putchar
 .text.__wrap_puts
                0x10001f04       0x3c CMakeFiles/hello_lcd.dir/home/windra/pico-sdk/src/rp2_common/pico_stdio/stdio.c.o
                0x10001f04                __wrap_puts
                0x10001f04                stdio_puts
 .text.i2c_write_blocking_internal.constprop.0
                0x10001f40       0xd0 CMakeFiles/hello_lcd.dir/home/windra/pico-sdk/src/rp2_common/hardware_i2c/i2c.c.o
 .text.i2c_set_baudrate
                0x10002010       0xc0 CMakeFiles/hello_lcd.dir/home/windra/pico-sdk/src/rp2_common/hardware_i2c/i2c.c.o
                0x10002010                i2c_set_baudrate
 .text.i2c_init
                0x100020d0       0x54 CMakeFiles/hello_lcd.dir/home/windra/pico-sdk/src/rp2_common/hardware_i2c/i2c.c.o
                0x100020d0                i2c_init
 .text.i2c_write_blocking
                0x10002124       0x14 CMakeFiles/hello_lcd.dir/home/windra/pico-sdk/src/rp2_common/hardware_i2c/i2c.c.o
                0x10002124                i2c_write_blocking
 .text          0x10002138       0x5c /usr/lib/gcc/arm-none-eabi/13.2.1/../../../arm-none-eabi/lib/thumb/v6-m/nofp/libg.a(libc_a-strlen-stub.o)
                0x10002138                strlen
 *fill*         0x10002194        0x4 
 .text.__stub   0x10002198       0x30 linker stubs
 *(.fini)
 *crtbegin.o(.ctors)
 *crtbegin?.o(.ctors)
 *(EXCLUDE_FILE(*crtend.o *crtend?.o) .ctors)
 *(SORT_BY_NAME(.ctors.*))
 *(.ctors)
 *crtbegin.o(.dtors)
 *crtbegin?.o(.dtors)
 *(EXCLUDE_FILE(*crtend.o *crtend?.o) .dtors)
 *(SORT_BY_NAME(.dtors.*))
 *(.dtors)
                0x100021c8                        . = ALIGN (0x4)
                [!provide]                        PROVIDE (__bothinit_array_start = .)
                0x100021c8                        PROVIDE (__preinit_array_start = .)
 *(SORT_BY_NAME(.preinit_array.*))
 .preinit_array.00100
                0x100021c8        0x4 CMakeFiles/hello_lcd.dir/home/windra/pico-sdk/src/rp2_common/pico_runtime_init/runtime_init.c.o
                0x100021c8                __pre_init_runtime_init_early_resets
 .preinit_array.00101
                0x100021cc        0x4 CMakeFiles/hello_lcd.dir/home/windra/pico-sdk/src/rp2_common/pico_runtime_init/runtime_init.c.o
                0x100021cc                __pre_init_runtime_init_usb_power_down
 .preinit_array.00275
                0x100021d0        0x4 CMakeFiles/hello_lcd.dir/home/windra/pico-sdk/src/rp2_common/pico_bit_ops/bit_ops_aeabi.S.o
 .preinit_array.00300
                0x100021d4        0x4 CMakeFiles/hello_lcd.dir/home/windra/pico-sdk/src/rp2_common/pico_mem_ops/mem_ops_aeabi.S.o
 .preinit_array.00350
                0x100021d8        0x4 CMakeFiles/hello_lcd.dir/home/windra/pico-sdk/src/rp2_common/pico_double/double_aeabi_rp2040.S.o
 .preinit_array.00350
                0x100021dc        0x4 CMakeFiles/hello_lcd.dir/home/windra/pico-sdk/src/rp2_common/pico_float/float_aeabi_rp2040.S.o
 .preinit_array.00500
                0x100021e0        0x4 CMakeFiles/hello_lcd.dir/home/windra/pico-sdk/src/rp2_common/pico_runtime_init/runtime_init.c.o
                0x100021e0                __pre_init_runtime_init_clocks
 .preinit_array.00600
                0x100021e4        0x4 CMakeFiles/hello_lcd.dir/home/windra/pico-sdk/src/rp2_common/pico_runtime_init/runtime_init.c.o
                0x100021e4                __pre_init_runtime_init_post_clock_resets
 .preinit_array.00700
                0x100021e8        0x4 CMakeFiles/hello_lcd.dir/home/windra/pico-sdk/src/rp2_common/pico_runtime_init/runtime_init.c.o
                0x100021e8                __pre_init_runtime_init_rp2040_gpio_ie_disable
 .preinit_array.01000
                0x100021ec        0x4 CMakeFiles/hello_lcd.dir/home/windra/pico-sdk/src/rp2_common/pico_runtime_init/runtime_init.c.o
                0x100021ec                __pre_init_runtime_init_spin_locks_reset
 .preinit_array.01100
                0x100021f0        0x4 CMakeFiles/hello_lcd.dir/home/windra/pico-sdk/src/common/pico_sync/mutex.c.o
                0x100021f0                __pre_init_runtime_init_mutex
 .preinit_array.10080
                0x100021f4        0x4 CMakeFiles/hello_lcd.dir/home/windra/pico-sdk/src/rp2_common/pico_runtime_init/runtime_init.c.o
                0x100021f4                __pre_init_runtime_init_install_ram_vector_table
 .preinit_array.11000
                0x100021f8        0x4 CMakeFiles/hello_lcd.dir/home/windra/pico-sdk/src/common/pico_time/time.c.o
                0x100021f8                __pre_init_runtime_init_default_alarm_pool
 .preinit_array.YYYYY
                0x100021fc        0x4 CMakeFiles/hello_lcd.dir/home/windra/pico-sdk/src/rp2_common/pico_runtime/runtime.c.o
                0x100021fc                __pre_init_first_per_core_initializer
 .preinit_array.ZZZZZ.01200
                0x10002200        0x4 CMakeFiles/hello_lcd.dir/home/windra/pico-sdk/src/rp2_common/hardware_irq/irq.c.o
                0x10002200                __pre_init_runtime_init_per_core_irq_priorities
 *(.preinit_array)
                0x10002204                        PROVIDE (__preinit_array_end = .)
                0x10002204                        . = ALIGN (0x4)
                0x10002204                        PROVIDE (__init_array_start = .)
 *(SORT_BY_NAME(.init_array.*))
 *(.init_array)
                0x10002204                        PROVIDE (__init_array_end = .)
                [!provide]                        PROVIDE (__bothinit_array_end = .)
                0x10002204                        . = ALIGN (0x4)
                [!provide]                        PROVIDE (__fini_array_start = .)
 *(SORT_BY_NAME(.fini_array.*))
 *(.fini_array)
                [!provide]                        PROVIDE (__fini_array_end = .)
                [!provide]                        PROVIDE (__dso_handle = 0x0)
 *(.eh_frame*)
                0x10002204                        . = ALIGN (0x4)

.glue_7         0x10002204        0x0
 .glue_7        0x10002204        0x0 linker stubs

.glue_7t        0x10002204        0x0
 .glue_7t       0x10002204        0x0 linker stubs

.vfp11_veneer   0x10002204        0x0
 .vfp11_veneer  0x10002204        0x0 linker stubs

.v4_bx          0x10002204        0x0
 .v4_bx         0x10002204        0x0 linker stubs

.iplt           0x10002204        0x0
 .iplt          0x10002204        0x0 CMakeFiles/hello_lcd.dir/hello_lcd.c.o

.rodata         0x10002204      0x11c
 *(EXCLUDE_FILE(*libm.a: *lib*_a-mem*.o *libc.a: *libgcc.a:) .rodata*)
 .rodata.__bi_143.0
                0x10002204        0x8 CMakeFiles/hello_lcd.dir/hello_lcd.c.o
 .rodata.str1.4
                0x1000220c       0xac CMakeFiles/hello_lcd.dir/hello_lcd.c.o
                                 0x2b (size before relaxing)
 .rodata.message.1
                0x100022b8       0x10 CMakeFiles/hello_lcd.dir/hello_lcd.c.o
 .rodata.panic.str1.4
                0x100022c8       0x11 CMakeFiles/hello_lcd.dir/home/windra/pico-sdk/src/rp2_common/pico_platform_panic/panic.c.o
 .rodata.timer_hardware_alarm_claim.str1.4
                0x100022c8       0x22 CMakeFiles/hello_lcd.dir/home/windra/pico-sdk/src/rp2_common/hardware_timer/timer.c.o
 .rodata.hard_assertion_failure.str1.4
                0x100022c8        0xc CMakeFiles/hello_lcd.dir/home/windra/pico-sdk/src/rp2_common/pico_runtime/runtime.c.o
 .rodata.str1.4
                0x100022c8       0x40 CMakeFiles/hello_lcd.dir/home/windra/pico-sdk/src/rp2_common/pico_standard_binary_info/standard_binary_info.c.o
 .rodata.__bi_84
                0x100022c8        0xc CMakeFiles/hello_lcd.dir/home/windra/pico-sdk/src/rp2_common/pico_standard_binary_info/standard_binary_info.c.o
 .rodata.__bi_78
                0x100022d4        0xc CMakeFiles/hello_lcd.dir/home/windra/pico-sdk/src/rp2_common/pico_standard_binary_info/standard_binary_info.c.o
 .rodata.__bi_54
                0x100022e0        0xc CMakeFiles/hello_lcd.dir/home/windra/pico-sdk/src/rp2_common/pico_standard_binary_info/standard_binary_info.c.o
 .rodata.__bi_48
                0x100022ec        0xc CMakeFiles/hello_lcd.dir/home/windra/pico-sdk/src/rp2_common/pico_standard_binary_info/standard_binary_info.c.o
 .rodata.__bi_42
                0x100022f8        0xc CMakeFiles/hello_lcd.dir/home/windra/pico-sdk/src/rp2_common/pico_standard_binary_info/standard_binary_info.c.o
 .rodata.__bi_34
                0x10002304        0xc CMakeFiles/hello_lcd.dir/home/windra/pico-sdk/src/rp2_common/pico_standard_binary_info/standard_binary_info.c.o
 .rodata.__bi_26
                0x10002310        0xc CMakeFiles/hello_lcd.dir/home/windra/pico-sdk/src/rp2_common/pico_standard_binary_info/standard_binary_info.c.o
 .rodata.crlf_str.0
                0x1000231c        0x2 CMakeFiles/hello_lcd.dir/home/windra/pico-sdk/src/rp2_common/pico_stdio/stdio.c.o
 *(.srodata*)
                0x10002320                        . = ALIGN (0x4)
 *fill*         0x1000231e        0x2 
 *(SORT_BY_ALIGNMENT(SORT_BY_NAME(.flashdata*)))
                0x10002320                        . = ALIGN (0x4)

.ARM.extab
 *(.ARM.extab* .gnu.linkonce.armextab.*)
                0x10002320                        __exidx_start = .

.ARM.exidx
 *(.ARM.exidx* .gnu.linkonce.armexidx.*)
                0x10002320                        __exidx_end = .
                0x10002320                        . = ALIGN (0x4)
                0x10002320                        __binary_info_start = .

.binary_info    0x10002320       0x20
 *(.binary_info.keep.*)
 .binary_info.keep.__bi_ptr143
                0x10002320        0x4 CMakeFiles/hello_lcd.dir/hello_lcd.c.o
 .binary_info.keep.__bi_ptr84
                0x10002324        0x4 CMakeFiles/hello_lcd.dir/home/windra/pico-sdk/src/rp2_common/pico_standard_binary_info/standard_binary_info.c.o
 .binary_info.keep.__bi_ptr78
                0x10002328        0x4 CMakeFiles/hello_lcd.dir/home/windra/pico-sdk/src/rp2_common/pico_standard_binary_info/standard_binary_info.c.o
 .binary_info.keep.__bi_ptr54
                0x1000232c        0x4 CMakeFiles/hello_lcd.dir/home/windra/pico-sdk/src/rp2_common/pico_standard_binary_info/standard_binary_info.c.o
 .binary_info.keep.__bi_ptr48
                0x10002330        0x4 CMakeFiles/hello_lcd.dir/home/windra/pico-sdk/src/rp2_common/pico_standard_binary_info/standard_binary_info.c.o
 .binary_info.keep.__bi_ptr42
                0x10002334        0x4 CMakeFiles/hello_lcd.dir/home/windra/pico-sdk/src/rp2_common/pico_standard_binary_info/standard_binary_info.c.o
 .binary_info.keep.__bi_ptr34
                0x10002338        0x4 CMakeFiles/hello_lcd.dir/home/windra/pico-sdk/src/rp2_common/pico_standard_binary_info/standard_binary_info.c.o
 .binary_info.keep.__bi_ptr26
                0x1000233c        0x4 CMakeFiles/hello_lcd.dir/home/windra/pico-sdk/src/rp2_common/pico_standard_binary_info/standard_binary_info.c.o
 *(.binary_info.*)
                0x10002340                        __binary_info_end = .
                0x10002340                        . = ALIGN (0x4)

.xip_ram        0x15000000        0x0 load address 0x10002340
                0x15000000                        __xip_ram_start__ = .
                0x15000000                        . = ALIGN (0x4)
 *(.xip_ram*)
                0x15000000                        . = ALIGN (0x4)
                0x15000000                        __xip_ram_end__ = .
                0x10002340                        __xip_ram_source__ = LOADADDR (.xip_ram)

.ram_vector_table
                0x20000000       0xc0
 *(.ram_vector_table)
 .ram_vector_table
                0x20000000       0xc0 CMakeFiles/hello_lcd.dir/home/windra/pico-sdk/src/rp2_common/pico_runtime_init/runtime_init.c.o
                0x20000000                ram_vector_table

.uninitialized_data
                0x200000c0        0x0
                0x200000c0                        . = ALIGN (0x4)
 *(.uninitialized_data*)

.data           0x200000c0      0x188 load address 0x10002340
                0x200000c0                        __data_start__ = .
 *(vtable)
 *(.time_critical*)
 .time_critical.mutex_try_enter
                0x200000c0       0x40 CMakeFiles/hello_lcd.dir/home/windra/pico-sdk/src/common/pico_sync/mutex.c.o
                0x200000c0                mutex_try_enter
 .time_critical.mutex_enter_block_until
                0x20000100       0x74 CMakeFiles/hello_lcd.dir/home/windra/pico-sdk/src/common/pico_sync/mutex.c.o
                0x20000100                mutex_enter_block_until
 .time_critical.mutex_try_enter_block_until
                0x20000174       0x34 CMakeFiles/hello_lcd.dir/home/windra/pico-sdk/src/common/pico_sync/mutex.c.o
                0x20000174                mutex_try_enter_block_until
 .time_critical.mutex_exit
                0x200001a8       0x28 CMakeFiles/hello_lcd.dir/home/windra/pico-sdk/src/common/pico_sync/mutex.c.o
                0x200001a8                mutex_exit
 *(.text*)
 .text          0x200001d0        0x4 /usr/lib/gcc/arm-none-eabi/13.2.1/thumb/v6-m/nofp/libgcc.a(_dvmd_tls.o)
                0x200001d0                __aeabi_ldiv0
                0x200001d0                __aeabi_idiv0
 *fill*         0x200001d4        0x4 
 .text.__stub   0x200001d8       0x10 linker stubs
                0x200001e8                        . = ALIGN (0x4)
 *(.rodata*)
                0x200001e8                        . = ALIGN (0x4)
                [!provide]                        PROVIDE (__emutls_array_start = .)
 *(.*.__emutls_v.*)
                [!provide]                        PROVIDE (__emutls_array_end = .)
                0x200001e8                        . = ALIGN (0x4)
 *(.data*)
 .data.striped_spin_lock_num
                0x200001e8        0x1 CMakeFiles/hello_lcd.dir/home/windra/pico-sdk/src/rp2_common/hardware_sync/sync.c.o
 *fill*         0x200001e9        0x7 
 .data.last_added.0
                0x200001f0        0x8 CMakeFiles/hello_lcd.dir/home/windra/pico-sdk/src/common/pico_time/time.c.o
 .data.default_alarm_pool
                0x200001f8       0x18 CMakeFiles/hello_lcd.dir/home/windra/pico-sdk/src/common/pico_time/time.c.o
 *fill*         0x20000210        0x0 
 .data.aeabi_bits_funcs
                0x20000210       0x10 CMakeFiles/hello_lcd.dir/home/windra/pico-sdk/src/rp2_common/pico_bit_ops/bit_ops_aeabi.S.o
                0x20000210                aeabi_bits_funcs
                0x20000220                aeabi_bits_funcs_end
 .data.aeabi_mem_funcs
                0x20000220       0x10 CMakeFiles/hello_lcd.dir/home/windra/pico-sdk/src/rp2_common/pico_mem_ops/mem_ops_aeabi.S.o
                0x20000220                aeabi_mem_funcs
                0x20000230                aeabi_mem_funcs_end
 .data.i2c1_inst
                0x20000230        0x8 CMakeFiles/hello_lcd.dir/home/windra/pico-sdk/src/rp2_common/hardware_i2c/i2c.c.o
                0x20000230                i2c1_inst
 .data.i2c0_inst
                0x20000238        0x8 CMakeFiles/hello_lcd.dir/home/windra/pico-sdk/src/rp2_common/hardware_i2c/i2c.c.o
                0x20000238                i2c0_inst
 *(.sdata*)
                0x20000240                        . = ALIGN (0x4)
 *(.after_data.*)
                0x20000240                        . = ALIGN (0x4)
                0x20000240                        PROVIDE (__mutex_array_start = .)
 *(SORT_BY_NAME(.mutex_array.*))
 *(.mutex_array)
 .mutex_array   0x20000240        0x8 CMakeFiles/hello_lcd.dir/home/windra/pico-sdk/src/rp2_common/pico_stdio/stdio.c.o
                0x20000248                        PROVIDE (__mutex_array_end = .)
 *(.jcr)
                0x20000248                        . = ALIGN (0x4)

.igot.plt       0x20000248        0x0 load address 0x100024c8
 .igot.plt      0x20000248        0x0 CMakeFiles/hello_lcd.dir/hello_lcd.c.o

.tdata          0x20000248        0x0 load address 0x100024c8
                0x20000248                        . = ALIGN (0x4)
 *(.tdata .tdata.* .gnu.linkonce.td.*)
                0x20000248                        __tdata_end = .
                0x20000248                        PROVIDE (__data_end__ = .)
                0x10002340                        __etext = LOADADDR (.data)
                0x20000248                        . = ALIGN (0x4)

.tbss           0x20000248        0x0 load address 0x100024c8
                0x20000248                        __bss_start__ = .
                0x20000248                        __tls_base = .
 *(.tbss .tbss.* .gnu.linkonce.tb.*)
 *(.tcommon)
                0x20000248                        . = ALIGN (0x4)
                0x20000248                        __tls_end = .

.tbss_space     0x20000248        0x0 load address 0x100024c8
                0x20000248                        . = (__bss_start__ + SIZEOF (.tbss))

.bss            0x20000248      0x3d0 load address 0x100024c8
                0x20000248                        . = ALIGN (0x4)
                0x20000248                        __tbss_end = .
 *(SORT_BY_ALIGNMENT(SORT_BY_NAME(.bss*)))
 .bss.default_alarm_pool_entries
                0x20000248      0x180 CMakeFiles/hello_lcd.dir/home/windra/pico-sdk/src/common/pico_time/time.c.o
 .bss.sd_table  0x200003c8      0x100 CMakeFiles/hello_lcd.dir/home/windra/pico-sdk/src/rp2_common/pico_double/double_init_rom_rp2040.c.o
                0x200003c8                sd_table
 .bss.sf_table  0x200004c8      0x100 CMakeFiles/hello_lcd.dir/home/windra/pico-sdk/src/rp2_common/pico_float/float_init_rom_rp2040.c.o
                0x200004c8                sf_table
 .bss.claimed   0x200005c8        0x1 CMakeFiles/hello_lcd.dir/home/windra/pico-sdk/src/rp2_common/hardware_timer/timer.c.o
 *fill*         0x200005c9        0x3 
 .bss.configured_freq
                0x200005cc       0x28 CMakeFiles/hello_lcd.dir/home/windra/pico-sdk/src/rp2_common/hardware_clocks/clocks.c.o
 .bss.drivers   0x200005f4        0x4 CMakeFiles/hello_lcd.dir/home/windra/pico-sdk/src/rp2_common/pico_stdio/stdio.c.o
 .bss.filter    0x200005f8        0x4 CMakeFiles/hello_lcd.dir/home/windra/pico-sdk/src/rp2_common/pico_stdio/stdio.c.o
 .bss.lazy_vsnprintf
                0x200005fc        0x4 CMakeFiles/hello_lcd.dir/home/windra/pico-sdk/src/rp2_common/pico_printf/printf.c.o
 .bss.pools     0x20000600       0x10 CMakeFiles/hello_lcd.dir/home/windra/pico-sdk/src/common/pico_time/time.c.o
 .bss.sf_clz_func
                0x20000610        0x4 CMakeFiles/hello_lcd.dir/home/windra/pico-sdk/src/rp2_common/pico_double/double_init_rom_rp2040.c.o
                0x20000610                sf_clz_func
 .bss.sleep_notifier
                0x20000614        0x4 CMakeFiles/hello_lcd.dir/home/windra/pico-sdk/src/common/pico_time/time.c.o
 *(COMMON)
                [!provide]                        PROVIDE (__global_pointer$ = (. + 0x800))
 *(.sbss*)
                0x20000618                        . = ALIGN (0x4)
                0x20000618                        __bss_end__ = .
                [!provide]                        PROVIDE (__tls_start = SIZEOF (.tdata)?ADDR (.tdata):ADDR (.tbss))
                [!provide]                        PROVIDE (__tls_size = (__tls_end - __tls_start))
                0x00000001                        PROVIDE (__tls_align = MAX (ALIGNOF (.tdata), ALIGNOF (.tbss)))
                [!provide]                        PROVIDE (__tls_size_align = ALIGN (__tls_size, __tls_align))
                0x00000008                        PROVIDE (__arm32_tls_tcb_offset = MAX (0x8, __tls_align))
                0x00000000                        PROVIDE (__tdata_size = SIZEOF (.tdata))
                0x100024c8                        PROVIDE (__tdata_source = LOADADDR (.tdata))
                0x00000000                        PROVIDE (__tbss_size = SIZEOF (.tbss))
                [!provide]                        PROVIDE (__tbss_offset = (ADDR (.tbss) - __tls_start))

.tlsX_not_needed_marker
 *(.tlsX_not_needed_marker)
                [!provide]                        PROVIDE (__tlsX_align = (SIZEOF (.tlsX_not_needed_marker) > 0x0)?0x4:__tls_align)
                [!provide]                        PROVIDE (__tlsX_size_align = (SIZEOF (.tlsX_not_needed_marker) > 0x0)?0x0:__tls_size_align)
                0x20000248                        __tls_start = DEFINED (__tls_start)?__tls_start:SIZEOF (.tdata)?ADDR (.tdata):ADDR (.tbss)
                0x00000000                        __tls_size = DEFINED (__tls_size)?__tls_size:(__tls_end - __tls_start)
                0x00000001                        __tls_align = DEFINED (__tls_align)?__tls_align:MAX (ALIGNOF (.tdata), ALIGNOF (.tbss))
                0x00000000                        __tls_size_align = DEFINED (__tls_size_align)?__tls_size_align:ALIGN (__tls_size, __tls_align)
                0x00000008                        __arm32_tls_tcb_offset = DEFINED (__arm32_tls_tcb_offset)?__arm32_tls_tcb_offset:MAX (0x8, __tls_align)
                0x00000000                        __tdata_size = DEFINED (__tdata_size)?__tdata_size:SIZEOF (.tdata)
                0x100024c8                        __tdata_source = DEFINED (__tdata_source)?__tdata_source:LOADADDR (.tdata)
                0x00000000                        __tbss_size = DEFINED (__tbss_size)?__tbss_size:SIZEOF (.tbss)
                0x00000000                        __tbss_offset = DEFINED (__tbss_offset)?__tbss_offset:(ADDR (.tbss) - __tls_start)
                0x00000001                        __tlsX_align = DEFINED (__tlsX_align)?__tlsX_align:(SIZEOF (.tlsX_not_needed_marker) > 0x0)?0x4:__tls_align
                0x00000000                        __tlsX_size_align = DEFINED (__tlsX_size_align)?__tlsX_size_align:(SIZEOF (.tlsX_not_needed_marker) > 0x0)?0x0:__tls_size_align

.tls0           0x20000618        0x0 load address 0x100024c8
                0x20000618                        . = ALIGN (__tlsX_align)
                0x20000618                        PROVIDE (__tls0_base = .)
                0x20000618                        . = (. + __tlsX_size_align)

.tls1           0x20000618        0x0 load address 0x100024c8
                0x20000618                        . = ALIGN (__tlsX_align)
                0x20000618                        PROVIDE (__tls1_base = .)
                0x20000618                        . = (. + __tlsX_size_align)

.persistent_data
                0x20000618        0x0 load address 0x100024c8
                0x20000618                        __persistent_data_start__ = .
 *(.persistent_data*)
                0x20000618                        . = ALIGN (0x4)
                [!provide]                        PROVIDE (__persistent_data_end__ = .)

.dummy_pre_heap
                0x20000618        0x0 load address 0x100024c8
                0x20000618                        . = .

.heap           0x20000618      0x800
                0x20000618                        __end__ = .
                0x20000618                        end = __end__
 *(.heap*)
 .heap          0x20000618      0x800 CMakeFiles/hello_lcd.dir/home/windra/pico-sdk/src/rp2_common/pico_crt0/crt0.S.o
                0x20040000                        __HeapLimit = DEFINED (HEAP_LIMIT)?HEAP_LIMIT:(ORIGIN (RAM) + LENGTH (RAM))

.scratch_x      0x20040000        0x0 load address 0x100024c8
                0x20040000                        __scratch_x_start__ = .
 *(.scratch_x.*)
                0x20040000                        . = ALIGN (0x4)
                0x20040000                        __scratch_x_end__ = .
                0x100024c8                        __scratch_x_source__ = LOADADDR (.scratch_x)

.scratch_y      0x20041000        0x0 load address 0x100024c8
                0x20041000                        __scratch_y_start__ = .
 *(.scratch_y.*)
                0x20041000                        . = ALIGN (0x4)
                0x20041000                        __scratch_y_end__ = .
                0x100024c8                        __scratch_y_source__ = LOADADDR (.scratch_y)

.stack1_dummy
 *(.stack1*)

.stack_dummy    0x20041000      0x800
 *(.stack*)
 .stack         0x20041000      0x800 CMakeFiles/hello_lcd.dir/home/windra/pico-sdk/src/rp2_common/pico_crt0/crt0.S.o

.rel.dyn        0x20041800        0x0
 .rel.iplt      0x20041800        0x0 CMakeFiles/hello_lcd.dir/hello_lcd.c.o

.flash_end      0x100024c8        0x0
 *(.embedded_end_block*)
                0x100024c8                        PROVIDE (__flash_binary_end = .)
                0x20040000                        __StackLimit = (ORIGIN (RAM) + LENGTH (RAM))
                0x20041000                        __StackOneTop = (ORIGIN (SCRATCH_X) + LENGTH (SCRATCH_X))
                0x20042000                        __StackTop = (ORIGIN (SCRATCH_Y) + LENGTH (SCRATCH_Y))
                0x20041000                        __StackOneBottom = (__StackOneTop - SIZEOF (.stack1_dummy))
                0x20041800                        __StackBottom = (__StackTop - SIZEOF (.stack_dummy))
                [!provide]                        PROVIDE (__stack = __StackTop)
                [!provide]                        PROVIDE (__heap_start = __end__)
                [!provide]                        PROVIDE (__heap_end = __HeapLimit)
                0x00000001                        PROVIDE (__tls_align = MAX (ALIGNOF (.tdata), ALIGNOF (.tbss)))
                [!provide]                        PROVIDE (__tls_size_align = (((__tls_size + __tls_align) - 0x1) & ~ ((__tls_align - 0x1))))
                0x00000008                        PROVIDE (__arm32_tls_tcb_offset = MAX (0x8, __tls_align))
                [!provide]                        PROVIDE (_end = __end__)
                [!provide]                        PROVIDE (__llvm_libc_heap_limit = __HeapLimit)
                0x00000001                        ASSERT ((__StackLimit >= __HeapLimit), region RAM overflowed)
                0x00000001                        ASSERT (((__binary_info_header_end - __logical_binary_start) <= 0x100), Binary info must be in first 256 bytes of the binary)
OUTPUT(hello_lcd.elf elf32-littlearm)
LOAD linker stubs

.debug_info     0x00000000    0x1dec1
 .debug_info    0x00000000     0x3551 CMakeFiles/hello_lcd.dir/hello_lcd.c.o
 .debug_info    0x00003551     0x2348 CMakeFiles/hello_lcd.dir/home/windra/pico-sdk/src/rp2_common/hardware_gpio/gpio.c.o
 .debug_info    0x00005899      0x1bf CMakeFiles/hello_lcd.dir/home/windra/pico-sdk/src/rp2_common/pico_platform_panic/panic.c.o
 .debug_info    0x00005a58      0x982 CMakeFiles/hello_lcd.dir/home/windra/pico-sdk/src/common/hardware_claim/claim.c.o
 .debug_info    0x000063da      0x43c CMakeFiles/hello_lcd.dir/home/windra/pico-sdk/src/rp2_common/hardware_sync/sync.c.o
 .debug_info    0x00006816      0x237 CMakeFiles/hello_lcd.dir/home/windra/pico-sdk/src/rp2_common/hardware_sync_spin_lock/sync_spin_lock.c.o
 .debug_info    0x00006a4d     0x22a0 CMakeFiles/hello_lcd.dir/home/windra/pico-sdk/src/rp2_common/hardware_irq/irq.c.o
 .debug_info    0x00008ced      0x155 CMakeFiles/hello_lcd.dir/home/windra/pico-sdk/src/common/pico_sync/lock_core.c.o
 .debug_info    0x00008e42     0x1bb3 CMakeFiles/hello_lcd.dir/home/windra/pico-sdk/src/common/pico_sync/mutex.c.o
 .debug_info    0x0000a9f5     0x4886 CMakeFiles/hello_lcd.dir/home/windra/pico-sdk/src/common/pico_time/time.c.o
 .debug_info    0x0000f27b     0x2afb CMakeFiles/hello_lcd.dir/home/windra/pico-sdk/src/rp2_common/hardware_timer/timer.c.o
 .debug_info    0x00011d76     0x2e9c CMakeFiles/hello_lcd.dir/home/windra/pico-sdk/src/rp2_common/hardware_clocks/clocks.c.o
 .debug_info    0x00014c12      0x4d9 CMakeFiles/hello_lcd.dir/home/windra/pico-sdk/src/rp2_common/hardware_pll/pll.c.o
 .debug_info    0x000150eb      0x230 CMakeFiles/hello_lcd.dir/home/windra/pico-sdk/src/rp2_common/hardware_ticks/ticks.c.o
 .debug_info    0x0001531b      0x654 CMakeFiles/hello_lcd.dir/home/windra/pico-sdk/src/rp2_common/pico_bootrom/bootrom.c.o
 .debug_info    0x0001596f      0x1b8 CMakeFiles/hello_lcd.dir/home/windra/pico-sdk/src/rp2_common/hardware_xosc/xosc.c.o
 .debug_info    0x00015b27      0x20e CMakeFiles/hello_lcd.dir/home/windra/pico-sdk/src/rp2_common/pico_runtime/runtime.c.o
 .debug_info    0x00015d35      0x7d2 CMakeFiles/hello_lcd.dir/home/windra/pico-sdk/src/rp2_common/pico_runtime_init/runtime_init.c.o
 .debug_info    0x00016507      0x768 CMakeFiles/hello_lcd.dir/home/windra/pico-sdk/src/rp2_common/pico_runtime_init/runtime_init_clocks.c.o
 .debug_info    0x00016c6f       0x23 CMakeFiles/hello_lcd.dir/home/windra/pico-sdk/src/rp2_common/pico_bit_ops/bit_ops_aeabi.S.o
 .debug_info    0x00016c92       0x23 CMakeFiles/hello_lcd.dir/home/windra/pico-sdk/src/rp2_common/pico_divider/divider_hardware.S.o
 .debug_info    0x00016cb5       0x23 CMakeFiles/hello_lcd.dir/home/windra/pico-sdk/src/rp2_common/pico_double/double_aeabi_rp2040.S.o
 .debug_info    0x00016cd8      0x274 CMakeFiles/hello_lcd.dir/home/windra/pico-sdk/src/rp2_common/pico_double/double_init_rom_rp2040.c.o
 .debug_info    0x00016f4c       0x23 CMakeFiles/hello_lcd.dir/home/windra/pico-sdk/src/rp2_common/pico_double/double_v1_rom_shim_rp2040.S.o
 .debug_info    0x00016f6f       0x24 CMakeFiles/hello_lcd.dir/home/windra/pico-sdk/src/rp2_common/pico_int64_ops/pico_int64_ops_aeabi.S.o
 .debug_info    0x00016f93       0x23 CMakeFiles/hello_lcd.dir/home/windra/pico-sdk/src/rp2_common/pico_float/float_aeabi_rp2040.S.o
 .debug_info    0x00016fb6      0x274 CMakeFiles/hello_lcd.dir/home/windra/pico-sdk/src/rp2_common/pico_float/float_init_rom_rp2040.c.o
 .debug_info    0x0001722a       0x23 CMakeFiles/hello_lcd.dir/home/windra/pico-sdk/src/rp2_common/pico_float/float_v1_rom_shim_rp2040.S.o
 .debug_info    0x0001724d       0x23 CMakeFiles/hello_lcd.dir/home/windra/pico-sdk/src/rp2_common/pico_mem_ops/mem_ops_aeabi.S.o
 .debug_info    0x00017270      0x278 CMakeFiles/hello_lcd.dir/home/windra/pico-sdk/src/rp2_common/pico_standard_binary_info/standard_binary_info.c.o
 .debug_info    0x000174e8     0x2102 CMakeFiles/hello_lcd.dir/home/windra/pico-sdk/src/rp2_common/pico_printf/printf.c.o
 .debug_info    0x000195ea       0x23 CMakeFiles/hello_lcd.dir/home/windra/pico-sdk/src/rp2_common/pico_crt0/crt0.S.o
 .debug_info    0x0001960d      0xbd0 CMakeFiles/hello_lcd.dir/home/windra/pico-sdk/src/rp2_common/pico_clib_interface/newlib_interface.c.o
 .debug_info    0x0001a1dd     0x1d75 CMakeFiles/hello_lcd.dir/home/windra/pico-sdk/src/rp2_common/pico_stdio/stdio.c.o
 .debug_info    0x0001bf52     0x1e48 CMakeFiles/hello_lcd.dir/home/windra/pico-sdk/src/rp2_common/hardware_i2c/i2c.c.o
 .debug_info    0x0001dd9a       0x3c /usr/lib/gcc/arm-none-eabi/13.2.1/thumb/v6-m/nofp/libgcc.a(_dvmd_tls.o)
 .debug_info    0x0001ddd6       0xeb /usr/lib/gcc/arm-none-eabi/13.2.1/../../../arm-none-eabi/lib/thumb/v6-m/nofp/libg.a(libc_a-strlen-stub.o)

.debug_abbrev   0x00000000     0x505c
 .debug_abbrev  0x00000000      0x355 CMakeFiles/hello_lcd.dir/hello_lcd.c.o
 .debug_abbrev  0x00000355      0x4c4 CMakeFiles/hello_lcd.dir/home/windra/pico-sdk/src/rp2_common/hardware_gpio/gpio.c.o
 .debug_abbrev  0x00000819      0x12b CMakeFiles/hello_lcd.dir/home/windra/pico-sdk/src/rp2_common/pico_platform_panic/panic.c.o
 .debug_abbrev  0x00000944      0x328 CMakeFiles/hello_lcd.dir/home/windra/pico-sdk/src/common/hardware_claim/claim.c.o
 .debug_abbrev  0x00000c6c      0x210 CMakeFiles/hello_lcd.dir/home/windra/pico-sdk/src/rp2_common/hardware_sync/sync.c.o
 .debug_abbrev  0x00000e7c      0x1ae CMakeFiles/hello_lcd.dir/home/windra/pico-sdk/src/rp2_common/hardware_sync_spin_lock/sync_spin_lock.c.o
 .debug_abbrev  0x0000102a      0x5d9 CMakeFiles/hello_lcd.dir/home/windra/pico-sdk/src/rp2_common/hardware_irq/irq.c.o
 .debug_abbrev  0x00001603       0xee CMakeFiles/hello_lcd.dir/home/windra/pico-sdk/src/common/pico_sync/lock_core.c.o
 .debug_abbrev  0x000016f1      0x455 CMakeFiles/hello_lcd.dir/home/windra/pico-sdk/src/common/pico_sync/mutex.c.o
 .debug_abbrev  0x00001b46      0x683 CMakeFiles/hello_lcd.dir/home/windra/pico-sdk/src/common/pico_time/time.c.o
 .debug_abbrev  0x000021c9      0x4f3 CMakeFiles/hello_lcd.dir/home/windra/pico-sdk/src/rp2_common/hardware_timer/timer.c.o
 .debug_abbrev  0x000026bc      0x530 CMakeFiles/hello_lcd.dir/home/windra/pico-sdk/src/rp2_common/hardware_clocks/clocks.c.o
 .debug_abbrev  0x00002bec      0x1d2 CMakeFiles/hello_lcd.dir/home/windra/pico-sdk/src/rp2_common/hardware_pll/pll.c.o
 .debug_abbrev  0x00002dbe      0x145 CMakeFiles/hello_lcd.dir/home/windra/pico-sdk/src/rp2_common/hardware_ticks/ticks.c.o
 .debug_abbrev  0x00002f03      0x1bc CMakeFiles/hello_lcd.dir/home/windra/pico-sdk/src/rp2_common/pico_bootrom/bootrom.c.o
 .debug_abbrev  0x000030bf      0x11d CMakeFiles/hello_lcd.dir/home/windra/pico-sdk/src/rp2_common/hardware_xosc/xosc.c.o
 .debug_abbrev  0x000031dc      0x185 CMakeFiles/hello_lcd.dir/home/windra/pico-sdk/src/rp2_common/pico_runtime/runtime.c.o
 .debug_abbrev  0x00003361      0x26b CMakeFiles/hello_lcd.dir/home/windra/pico-sdk/src/rp2_common/pico_runtime_init/runtime_init.c.o
 .debug_abbrev  0x000035cc      0x294 CMakeFiles/hello_lcd.dir/home/windra/pico-sdk/src/rp2_common/pico_runtime_init/runtime_init_clocks.c.o
 .debug_abbrev  0x00003860       0x12 CMakeFiles/hello_lcd.dir/home/windra/pico-sdk/src/rp2_common/pico_bit_ops/bit_ops_aeabi.S.o
 .debug_abbrev  0x00003872       0x12 CMakeFiles/hello_lcd.dir/home/windra/pico-sdk/src/rp2_common/pico_divider/divider_hardware.S.o
 .debug_abbrev  0x00003884       0x12 CMakeFiles/hello_lcd.dir/home/windra/pico-sdk/src/rp2_common/pico_double/double_aeabi_rp2040.S.o
 .debug_abbrev  0x00003896      0x17a CMakeFiles/hello_lcd.dir/home/windra/pico-sdk/src/rp2_common/pico_double/double_init_rom_rp2040.c.o
 .debug_abbrev  0x00003a10       0x12 CMakeFiles/hello_lcd.dir/home/windra/pico-sdk/src/rp2_common/pico_double/double_v1_rom_shim_rp2040.S.o
 .debug_abbrev  0x00003a22       0x14 CMakeFiles/hello_lcd.dir/home/windra/pico-sdk/src/rp2_common/pico_int64_ops/pico_int64_ops_aeabi.S.o
 .debug_abbrev  0x00003a36       0x12 CMakeFiles/hello_lcd.dir/home/windra/pico-sdk/src/rp2_common/pico_float/float_aeabi_rp2040.S.o
 .debug_abbrev  0x00003a48      0x173 CMakeFiles/hello_lcd.dir/home/windra/pico-sdk/src/rp2_common/pico_float/float_init_rom_rp2040.c.o
 .debug_abbrev  0x00003bbb       0x12 CMakeFiles/hello_lcd.dir/home/windra/pico-sdk/src/rp2_common/pico_float/float_v1_rom_shim_rp2040.S.o
 .debug_abbrev  0x00003bcd       0x12 CMakeFiles/hello_lcd.dir/home/windra/pico-sdk/src/rp2_common/pico_mem_ops/mem_ops_aeabi.S.o
 .debug_abbrev  0x00003bdf       0xb9 CMakeFiles/hello_lcd.dir/home/windra/pico-sdk/src/rp2_common/pico_standard_binary_info/standard_binary_info.c.o
 .debug_abbrev  0x00003c98      0x525 CMakeFiles/hello_lcd.dir/home/windra/pico-sdk/src/rp2_common/pico_printf/printf.c.o
 .debug_abbrev  0x000041bd       0x12 CMakeFiles/hello_lcd.dir/home/windra/pico-sdk/src/rp2_common/pico_crt0/crt0.S.o
 .debug_abbrev  0x000041cf      0x36b CMakeFiles/hello_lcd.dir/home/windra/pico-sdk/src/rp2_common/pico_clib_interface/newlib_interface.c.o
 .debug_abbrev  0x0000453a      0x5ea CMakeFiles/hello_lcd.dir/home/windra/pico-sdk/src/rp2_common/pico_stdio/stdio.c.o
 .debug_abbrev  0x00004b24      0x482 CMakeFiles/hello_lcd.dir/home/windra/pico-sdk/src/rp2_common/hardware_i2c/i2c.c.o
 .debug_abbrev  0x00004fa6       0x26 /usr/lib/gcc/arm-none-eabi/13.2.1/thumb/v6-m/nofp/libgcc.a(_dvmd_tls.o)
 .debug_abbrev  0x00004fcc       0x90 /usr/lib/gcc/arm-none-eabi/13.2.1/../../../arm-none-eabi/lib/thumb/v6-m/nofp/libg.a(libc_a-strlen-stub.o)

.debug_loclists
                0x00000000    0x10ddf
 .debug_loclists
                0x00000000      0xad4 CMakeFiles/hello_lcd.dir/hello_lcd.c.o
 .debug_loclists
                0x00000ad4     0x1a45 CMakeFiles/hello_lcd.dir/home/windra/pico-sdk/src/rp2_common/hardware_gpio/gpio.c.o
 .debug_loclists
                0x00002519      0x36e CMakeFiles/hello_lcd.dir/home/windra/pico-sdk/src/common/hardware_claim/claim.c.o
 .debug_loclists
                0x00002887       0xf1 CMakeFiles/hello_lcd.dir/home/windra/pico-sdk/src/rp2_common/hardware_sync/sync.c.o
 .debug_loclists
                0x00002978       0x7d CMakeFiles/hello_lcd.dir/home/windra/pico-sdk/src/rp2_common/hardware_sync_spin_lock/sync_spin_lock.c.o
 .debug_loclists
                0x000029f5     0x1390 CMakeFiles/hello_lcd.dir/home/windra/pico-sdk/src/rp2_common/hardware_irq/irq.c.o
 .debug_loclists
                0x00003d85       0x41 CMakeFiles/hello_lcd.dir/home/windra/pico-sdk/src/common/pico_sync/lock_core.c.o
 .debug_loclists
                0x00003dc6      0x87b CMakeFiles/hello_lcd.dir/home/windra/pico-sdk/src/common/pico_sync/mutex.c.o
 .debug_loclists
                0x00004641     0x2578 CMakeFiles/hello_lcd.dir/home/windra/pico-sdk/src/common/pico_time/time.c.o
 .debug_loclists
                0x00006bb9     0x1a12 CMakeFiles/hello_lcd.dir/home/windra/pico-sdk/src/rp2_common/hardware_timer/timer.c.o
 .debug_loclists
                0x000085cb     0x28c1 CMakeFiles/hello_lcd.dir/home/windra/pico-sdk/src/rp2_common/hardware_clocks/clocks.c.o
 .debug_loclists
                0x0000ae8c      0x1e0 CMakeFiles/hello_lcd.dir/home/windra/pico-sdk/src/rp2_common/hardware_pll/pll.c.o
 .debug_loclists
                0x0000b06c       0x47 CMakeFiles/hello_lcd.dir/home/windra/pico-sdk/src/rp2_common/hardware_ticks/ticks.c.o
 .debug_loclists
                0x0000b0b3      0x399 CMakeFiles/hello_lcd.dir/home/windra/pico-sdk/src/rp2_common/pico_bootrom/bootrom.c.o
 .debug_loclists
                0x0000b44c       0x48 CMakeFiles/hello_lcd.dir/home/windra/pico-sdk/src/rp2_common/hardware_xosc/xosc.c.o
 .debug_loclists
                0x0000b494       0x7e CMakeFiles/hello_lcd.dir/home/windra/pico-sdk/src/rp2_common/pico_runtime/runtime.c.o
 .debug_loclists
                0x0000b512      0x14f CMakeFiles/hello_lcd.dir/home/windra/pico-sdk/src/rp2_common/pico_runtime_init/runtime_init.c.o
 .debug_loclists
                0x0000b661       0x74 CMakeFiles/hello_lcd.dir/home/windra/pico-sdk/src/rp2_common/pico_runtime_init/runtime_init_clocks.c.o
 .debug_loclists
                0x0000b6d5       0x3d CMakeFiles/hello_lcd.dir/home/windra/pico-sdk/src/rp2_common/pico_double/double_init_rom_rp2040.c.o
 .debug_loclists
                0x0000b712       0x59 CMakeFiles/hello_lcd.dir/home/windra/pico-sdk/src/rp2_common/pico_float/float_init_rom_rp2040.c.o
 .debug_loclists
                0x0000b76b     0x2f65 CMakeFiles/hello_lcd.dir/home/windra/pico-sdk/src/rp2_common/pico_printf/printf.c.o
 .debug_loclists
                0x0000e6d0      0x44e CMakeFiles/hello_lcd.dir/home/windra/pico-sdk/src/rp2_common/pico_clib_interface/newlib_interface.c.o
 .debug_loclists
                0x0000eb1e      0xead CMakeFiles/hello_lcd.dir/home/windra/pico-sdk/src/rp2_common/pico_stdio/stdio.c.o
 .debug_loclists
                0x0000f9cb     0x13bd CMakeFiles/hello_lcd.dir/home/windra/pico-sdk/src/rp2_common/hardware_i2c/i2c.c.o
 .debug_loclists
                0x00010d88       0x57 /usr/lib/gcc/arm-none-eabi/13.2.1/../../../arm-none-eabi/lib/thumb/v6-m/nofp/libg.a(libc_a-strlen-stub.o)

.debug_aranges  0x00000000      0xfb8
 .debug_aranges
                0x00000000       0x58 CMakeFiles/hello_lcd.dir/hello_lcd.c.o
 .debug_aranges
                0x00000058      0x110 CMakeFiles/hello_lcd.dir/home/windra/pico-sdk/src/rp2_common/hardware_gpio/gpio.c.o
 .debug_aranges
                0x00000168       0x28 CMakeFiles/hello_lcd.dir/home/windra/pico-sdk/src/rp2_common/pico_platform_panic/panic.c.o
 .debug_aranges
                0x00000190       0x48 CMakeFiles/hello_lcd.dir/home/windra/pico-sdk/src/common/hardware_claim/claim.c.o
 .debug_aranges
                0x000001d8       0x48 CMakeFiles/hello_lcd.dir/home/windra/pico-sdk/src/rp2_common/hardware_sync/sync.c.o
 .debug_aranges
                0x00000220       0x28 CMakeFiles/hello_lcd.dir/home/windra/pico-sdk/src/rp2_common/hardware_sync_spin_lock/sync_spin_lock.c.o
 .debug_aranges
                0x00000248       0xc8 CMakeFiles/hello_lcd.dir/home/windra/pico-sdk/src/rp2_common/hardware_irq/irq.c.o
 .debug_aranges
                0x00000310       0x20 CMakeFiles/hello_lcd.dir/home/windra/pico-sdk/src/common/pico_sync/lock_core.c.o
 .debug_aranges
                0x00000330       0x98 CMakeFiles/hello_lcd.dir/home/windra/pico-sdk/src/common/pico_sync/mutex.c.o
 .debug_aranges
                0x000003c8       0xe0 CMakeFiles/hello_lcd.dir/home/windra/pico-sdk/src/common/pico_time/time.c.o
 .debug_aranges
                0x000004a8       0xf0 CMakeFiles/hello_lcd.dir/home/windra/pico-sdk/src/rp2_common/hardware_timer/timer.c.o
 .debug_aranges
                0x00000598       0xb0 CMakeFiles/hello_lcd.dir/home/windra/pico-sdk/src/rp2_common/hardware_clocks/clocks.c.o
 .debug_aranges
                0x00000648       0x28 CMakeFiles/hello_lcd.dir/home/windra/pico-sdk/src/rp2_common/hardware_pll/pll.c.o
 .debug_aranges
                0x00000670       0x30 CMakeFiles/hello_lcd.dir/home/windra/pico-sdk/src/rp2_common/hardware_ticks/ticks.c.o
 .debug_aranges
                0x000006a0       0x40 CMakeFiles/hello_lcd.dir/home/windra/pico-sdk/src/rp2_common/pico_bootrom/bootrom.c.o
 .debug_aranges
                0x000006e0       0x30 CMakeFiles/hello_lcd.dir/home/windra/pico-sdk/src/rp2_common/hardware_xosc/xosc.c.o
 .debug_aranges
                0x00000710       0x38 CMakeFiles/hello_lcd.dir/home/windra/pico-sdk/src/rp2_common/pico_runtime/runtime.c.o
 .debug_aranges
                0x00000748       0x48 CMakeFiles/hello_lcd.dir/home/windra/pico-sdk/src/rp2_common/pico_runtime_init/runtime_init.c.o
 .debug_aranges
                0x00000790       0x20 CMakeFiles/hello_lcd.dir/home/windra/pico-sdk/src/rp2_common/pico_runtime_init/runtime_init_clocks.c.o
 .debug_aranges
                0x000007b0       0x60 CMakeFiles/hello_lcd.dir/home/windra/pico-sdk/src/rp2_common/pico_bit_ops/bit_ops_aeabi.S.o
 .debug_aranges
                0x00000810       0x50 CMakeFiles/hello_lcd.dir/home/windra/pico-sdk/src/rp2_common/pico_divider/divider_hardware.S.o
 .debug_aranges
                0x00000860      0x150 CMakeFiles/hello_lcd.dir/home/windra/pico-sdk/src/rp2_common/pico_double/double_aeabi_rp2040.S.o
 .debug_aranges
                0x000009b0       0x20 CMakeFiles/hello_lcd.dir/home/windra/pico-sdk/src/rp2_common/pico_double/double_init_rom_rp2040.c.o
 .debug_aranges
                0x000009d0       0xc8 CMakeFiles/hello_lcd.dir/home/windra/pico-sdk/src/rp2_common/pico_double/double_v1_rom_shim_rp2040.S.o
 .debug_aranges
                0x00000a98       0x20 CMakeFiles/hello_lcd.dir/home/windra/pico-sdk/src/rp2_common/pico_int64_ops/pico_int64_ops_aeabi.S.o
 .debug_aranges
                0x00000ab8      0x138 CMakeFiles/hello_lcd.dir/home/windra/pico-sdk/src/rp2_common/pico_float/float_aeabi_rp2040.S.o
 .debug_aranges
                0x00000bf0       0x20 CMakeFiles/hello_lcd.dir/home/windra/pico-sdk/src/rp2_common/pico_float/float_init_rom_rp2040.c.o
 .debug_aranges
                0x00000c10       0x50 CMakeFiles/hello_lcd.dir/home/windra/pico-sdk/src/rp2_common/pico_float/float_v1_rom_shim_rp2040.S.o
 .debug_aranges
                0x00000c60       0x38 CMakeFiles/hello_lcd.dir/home/windra/pico-sdk/src/rp2_common/pico_mem_ops/mem_ops_aeabi.S.o
 .debug_aranges
                0x00000c98       0x18 CMakeFiles/hello_lcd.dir/home/windra/pico-sdk/src/rp2_common/pico_standard_binary_info/standard_binary_info.c.o
 .debug_aranges
                0x00000cb0       0x90 CMakeFiles/hello_lcd.dir/home/windra/pico-sdk/src/rp2_common/pico_printf/printf.c.o
 .debug_aranges
                0x00000d40       0x28 CMakeFiles/hello_lcd.dir/home/windra/pico-sdk/src/rp2_common/pico_crt0/crt0.S.o
 .debug_aranges
                0x00000d68       0xb0 CMakeFiles/hello_lcd.dir/home/windra/pico-sdk/src/rp2_common/pico_clib_interface/newlib_interface.c.o
 .debug_aranges
                0x00000e18       0xc8 CMakeFiles/hello_lcd.dir/home/windra/pico-sdk/src/rp2_common/pico_stdio/stdio.c.o
 .debug_aranges
                0x00000ee0       0x98 CMakeFiles/hello_lcd.dir/home/windra/pico-sdk/src/rp2_common/hardware_i2c/i2c.c.o
 .debug_aranges
                0x00000f78       0x20 /usr/lib/gcc/arm-none-eabi/13.2.1/thumb/v6-m/nofp/libgcc.a(_dvmd_tls.o)
 .debug_aranges
                0x00000f98       0x20 /usr/lib/gcc/arm-none-eabi/13.2.1/../../../arm-none-eabi/lib/thumb/v6-m/nofp/libg.a(libc_a-strlen-stub.o)

.debug_rnglists
                0x00000000     0x2ad0
 .debug_rnglists
                0x00000000      0x1b6 CMakeFiles/hello_lcd.dir/hello_lcd.c.o
 .debug_rnglists
                0x000001b6      0x5ac CMakeFiles/hello_lcd.dir/home/windra/pico-sdk/src/rp2_common/hardware_gpio/gpio.c.o
 .debug_rnglists
                0x00000762       0x19 CMakeFiles/hello_lcd.dir/home/windra/pico-sdk/src/rp2_common/pico_platform_panic/panic.c.o
 .debug_rnglists
                0x0000077b       0xc5 CMakeFiles/hello_lcd.dir/home/windra/pico-sdk/src/common/hardware_claim/claim.c.o
 .debug_rnglists
                0x00000840       0x67 CMakeFiles/hello_lcd.dir/home/windra/pico-sdk/src/rp2_common/hardware_sync/sync.c.o
 .debug_rnglists
                0x000008a7       0x3d CMakeFiles/hello_lcd.dir/home/windra/pico-sdk/src/rp2_common/hardware_sync_spin_lock/sync_spin_lock.c.o
 .debug_rnglists
                0x000008e4      0x36a CMakeFiles/hello_lcd.dir/home/windra/pico-sdk/src/rp2_common/hardware_irq/irq.c.o
 .debug_rnglists
                0x00000c4e       0x1f CMakeFiles/hello_lcd.dir/home/windra/pico-sdk/src/common/pico_sync/lock_core.c.o
 .debug_rnglists
                0x00000c6d      0x205 CMakeFiles/hello_lcd.dir/home/windra/pico-sdk/src/common/pico_sync/mutex.c.o
 .debug_rnglists
                0x00000e72      0x74f CMakeFiles/hello_lcd.dir/home/windra/pico-sdk/src/common/pico_time/time.c.o
 .debug_rnglists
                0x000015c1      0x2c6 CMakeFiles/hello_lcd.dir/home/windra/pico-sdk/src/rp2_common/hardware_timer/timer.c.o
 .debug_rnglists
                0x00001887      0x540 CMakeFiles/hello_lcd.dir/home/windra/pico-sdk/src/rp2_common/hardware_clocks/clocks.c.o
 .debug_rnglists
                0x00001dc7       0x5c CMakeFiles/hello_lcd.dir/home/windra/pico-sdk/src/rp2_common/hardware_pll/pll.c.o
 .debug_rnglists
                0x00001e23       0x2b CMakeFiles/hello_lcd.dir/home/windra/pico-sdk/src/rp2_common/hardware_ticks/ticks.c.o
 .debug_rnglists
                0x00001e4e      0x11b CMakeFiles/hello_lcd.dir/home/windra/pico-sdk/src/rp2_common/pico_bootrom/bootrom.c.o
 .debug_rnglists
                0x00001f69       0x1f CMakeFiles/hello_lcd.dir/home/windra/pico-sdk/src/rp2_common/hardware_xosc/xosc.c.o
 .debug_rnglists
                0x00001f88       0x3d CMakeFiles/hello_lcd.dir/home/windra/pico-sdk/src/rp2_common/pico_runtime/runtime.c.o
 .debug_rnglists
                0x00001fc5       0x4a CMakeFiles/hello_lcd.dir/home/windra/pico-sdk/src/rp2_common/pico_runtime_init/runtime_init.c.o
 .debug_rnglists
                0x0000200f       0x20 CMakeFiles/hello_lcd.dir/home/windra/pico-sdk/src/rp2_common/pico_runtime_init/runtime_init_clocks.c.o
 .debug_rnglists
                0x0000202f       0x43 CMakeFiles/hello_lcd.dir/home/windra/pico-sdk/src/rp2_common/pico_bit_ops/bit_ops_aeabi.S.o
 .debug_rnglists
                0x00002072       0x38 CMakeFiles/hello_lcd.dir/home/windra/pico-sdk/src/rp2_common/pico_divider/divider_hardware.S.o
 .debug_rnglists
                0x000020aa       0xf9 CMakeFiles/hello_lcd.dir/home/windra/pico-sdk/src/rp2_common/pico_double/double_aeabi_rp2040.S.o
 .debug_rnglists
                0x000021a3       0x14 CMakeFiles/hello_lcd.dir/home/windra/pico-sdk/src/rp2_common/pico_double/double_init_rom_rp2040.c.o
 .debug_rnglists
                0x000021b7       0x99 CMakeFiles/hello_lcd.dir/home/windra/pico-sdk/src/rp2_common/pico_double/double_v1_rom_shim_rp2040.S.o
 .debug_rnglists
                0x00002250       0xe5 CMakeFiles/hello_lcd.dir/home/windra/pico-sdk/src/rp2_common/pico_float/float_aeabi_rp2040.S.o
 .debug_rnglists
                0x00002335       0x13 CMakeFiles/hello_lcd.dir/home/windra/pico-sdk/src/rp2_common/pico_float/float_init_rom_rp2040.c.o
 .debug_rnglists
                0x00002348       0x38 CMakeFiles/hello_lcd.dir/home/windra/pico-sdk/src/rp2_common/pico_float/float_v1_rom_shim_rp2040.S.o
 .debug_rnglists
                0x00002380       0x25 CMakeFiles/hello_lcd.dir/home/windra/pico-sdk/src/rp2_common/pico_mem_ops/mem_ops_aeabi.S.o
 .debug_rnglists
                0x000023a5      0x27c CMakeFiles/hello_lcd.dir/home/windra/pico-sdk/src/rp2_common/pico_printf/printf.c.o
 .debug_rnglists
                0x00002621       0x1b CMakeFiles/hello_lcd.dir/home/windra/pico-sdk/src/rp2_common/pico_crt0/crt0.S.o
 .debug_rnglists
                0x0000263c       0x8b CMakeFiles/hello_lcd.dir/home/windra/pico-sdk/src/rp2_common/pico_clib_interface/newlib_interface.c.o
 .debug_rnglists
                0x000026c7      0x297 CMakeFiles/hello_lcd.dir/home/windra/pico-sdk/src/rp2_common/pico_stdio/stdio.c.o
 .debug_rnglists
                0x0000295e      0x172 CMakeFiles/hello_lcd.dir/home/windra/pico-sdk/src/rp2_common/hardware_i2c/i2c.c.o

.debug_line     0x00000000    0x1546b
 .debug_line    0x00000000      0xe90 CMakeFiles/hello_lcd.dir/hello_lcd.c.o
 .debug_line    0x00000e90     0x1a75 CMakeFiles/hello_lcd.dir/home/windra/pico-sdk/src/rp2_common/hardware_gpio/gpio.c.o
 .debug_line    0x00002905      0x1dd CMakeFiles/hello_lcd.dir/home/windra/pico-sdk/src/rp2_common/pico_platform_panic/panic.c.o
 .debug_line    0x00002ae2      0x85d CMakeFiles/hello_lcd.dir/home/windra/pico-sdk/src/common/hardware_claim/claim.c.o
 .debug_line    0x0000333f      0x407 CMakeFiles/hello_lcd.dir/home/windra/pico-sdk/src/rp2_common/hardware_sync/sync.c.o
 .debug_line    0x00003746      0x2fc CMakeFiles/hello_lcd.dir/home/windra/pico-sdk/src/rp2_common/hardware_sync_spin_lock/sync_spin_lock.c.o
 .debug_line    0x00003a42     0x1720 CMakeFiles/hello_lcd.dir/home/windra/pico-sdk/src/rp2_common/hardware_irq/irq.c.o
 .debug_line    0x00005162      0x229 CMakeFiles/hello_lcd.dir/home/windra/pico-sdk/src/common/pico_sync/lock_core.c.o
 .debug_line    0x0000538b     0x1296 CMakeFiles/hello_lcd.dir/home/windra/pico-sdk/src/common/pico_sync/mutex.c.o
 .debug_line    0x00006621     0x2fdb CMakeFiles/hello_lcd.dir/home/windra/pico-sdk/src/common/pico_time/time.c.o
 .debug_line    0x000095fc     0x1c98 CMakeFiles/hello_lcd.dir/home/windra/pico-sdk/src/rp2_common/hardware_timer/timer.c.o
 .debug_line    0x0000b294     0x20e2 CMakeFiles/hello_lcd.dir/home/windra/pico-sdk/src/rp2_common/hardware_clocks/clocks.c.o
 .debug_line    0x0000d376      0x43c CMakeFiles/hello_lcd.dir/home/windra/pico-sdk/src/rp2_common/hardware_pll/pll.c.o
 .debug_line    0x0000d7b2      0x286 CMakeFiles/hello_lcd.dir/home/windra/pico-sdk/src/rp2_common/hardware_ticks/ticks.c.o
 .debug_line    0x0000da38      0x3ee CMakeFiles/hello_lcd.dir/home/windra/pico-sdk/src/rp2_common/pico_bootrom/bootrom.c.o
 .debug_line    0x0000de26      0x2a1 CMakeFiles/hello_lcd.dir/home/windra/pico-sdk/src/rp2_common/hardware_xosc/xosc.c.o
 .debug_line    0x0000e0c7      0x268 CMakeFiles/hello_lcd.dir/home/windra/pico-sdk/src/rp2_common/pico_runtime/runtime.c.o
 .debug_line    0x0000e32f      0x603 CMakeFiles/hello_lcd.dir/home/windra/pico-sdk/src/rp2_common/pico_runtime_init/runtime_init.c.o
 .debug_line    0x0000e932      0x47c CMakeFiles/hello_lcd.dir/home/windra/pico-sdk/src/rp2_common/pico_runtime_init/runtime_init_clocks.c.o
 .debug_line    0x0000edae      0x108 CMakeFiles/hello_lcd.dir/home/windra/pico-sdk/src/rp2_common/pico_bit_ops/bit_ops_aeabi.S.o
 .debug_line    0x0000eeb6      0x2ee CMakeFiles/hello_lcd.dir/home/windra/pico-sdk/src/rp2_common/pico_divider/divider_hardware.S.o
 .debug_line    0x0000f1a4      0x452 CMakeFiles/hello_lcd.dir/home/windra/pico-sdk/src/rp2_common/pico_double/double_aeabi_rp2040.S.o
 .debug_line    0x0000f5f6      0x3c8 CMakeFiles/hello_lcd.dir/home/windra/pico-sdk/src/rp2_common/pico_double/double_init_rom_rp2040.c.o
 .debug_line    0x0000f9be      0x66d CMakeFiles/hello_lcd.dir/home/windra/pico-sdk/src/rp2_common/pico_double/double_v1_rom_shim_rp2040.S.o
 .debug_line    0x0001002b       0x61 CMakeFiles/hello_lcd.dir/home/windra/pico-sdk/src/rp2_common/pico_int64_ops/pico_int64_ops_aeabi.S.o
 .debug_line    0x0001008c      0x3d2 CMakeFiles/hello_lcd.dir/home/windra/pico-sdk/src/rp2_common/pico_float/float_aeabi_rp2040.S.o
 .debug_line    0x0001045e      0x2dd CMakeFiles/hello_lcd.dir/home/windra/pico-sdk/src/rp2_common/pico_float/float_init_rom_rp2040.c.o
 .debug_line    0x0001073b      0x195 CMakeFiles/hello_lcd.dir/home/windra/pico-sdk/src/rp2_common/pico_float/float_v1_rom_shim_rp2040.S.o
 .debug_line    0x000108d0       0x94 CMakeFiles/hello_lcd.dir/home/windra/pico-sdk/src/rp2_common/pico_mem_ops/mem_ops_aeabi.S.o
 .debug_line    0x00010964      0x106 CMakeFiles/hello_lcd.dir/home/windra/pico-sdk/src/rp2_common/pico_standard_binary_info/standard_binary_info.c.o
 .debug_line    0x00010a6a     0x1a6a CMakeFiles/hello_lcd.dir/home/windra/pico-sdk/src/rp2_common/pico_printf/printf.c.o
 .debug_line    0x000124d4       0xa3 CMakeFiles/hello_lcd.dir/home/windra/pico-sdk/src/rp2_common/pico_crt0/crt0.S.o
 .debug_line    0x00012577      0x7d6 CMakeFiles/hello_lcd.dir/home/windra/pico-sdk/src/rp2_common/pico_clib_interface/newlib_interface.c.o
 .debug_line    0x00012d4d     0x1350 CMakeFiles/hello_lcd.dir/home/windra/pico-sdk/src/rp2_common/pico_stdio/stdio.c.o
 .debug_line    0x0001409d     0x11da CMakeFiles/hello_lcd.dir/home/windra/pico-sdk/src/rp2_common/hardware_i2c/i2c.c.o
 .debug_line    0x00015277       0x4a /usr/lib/gcc/arm-none-eabi/13.2.1/thumb/v6-m/nofp/libgcc.a(_dvmd_tls.o)
 .debug_line    0x000152c1      0x1aa /usr/lib/gcc/arm-none-eabi/13.2.1/../../../arm-none-eabi/lib/thumb/v6-m/nofp/libg.a(libc_a-strlen-stub.o)

.debug_str      0x00000000     0x4f20
 .debug_str     0x00000000     0x4f20 CMakeFiles/hello_lcd.dir/hello_lcd.c.o
                                0xc7d (size before relaxing)
 .debug_str     0x00004f20      0xc79 CMakeFiles/hello_lcd.dir/home/windra/pico-sdk/src/rp2_common/hardware_gpio/gpio.c.o
 .debug_str     0x00004f20      0x1dd CMakeFiles/hello_lcd.dir/home/windra/pico-sdk/src/rp2_common/pico_platform_panic/panic.c.o
 .debug_str     0x00004f20      0x34b CMakeFiles/hello_lcd.dir/home/windra/pico-sdk/src/common/hardware_claim/claim.c.o
 .debug_str     0x00004f20      0x2f4 CMakeFiles/hello_lcd.dir/home/windra/pico-sdk/src/rp2_common/hardware_sync/sync.c.o
 .debug_str     0x00004f20      0x211 CMakeFiles/hello_lcd.dir/home/windra/pico-sdk/src/rp2_common/hardware_sync_spin_lock/sync_spin_lock.c.o
 .debug_str     0x00004f20      0xa8d CMakeFiles/hello_lcd.dir/home/windra/pico-sdk/src/rp2_common/hardware_irq/irq.c.o
 .debug_str     0x00004f20      0x1dd CMakeFiles/hello_lcd.dir/home/windra/pico-sdk/src/common/pico_sync/lock_core.c.o
 .debug_str     0x00004f20      0x784 CMakeFiles/hello_lcd.dir/home/windra/pico-sdk/src/common/pico_sync/mutex.c.o
 .debug_str     0x00004f20     0x117c CMakeFiles/hello_lcd.dir/home/windra/pico-sdk/src/common/pico_time/time.c.o
 .debug_str     0x00004f20      0x9d5 CMakeFiles/hello_lcd.dir/home/windra/pico-sdk/src/rp2_common/hardware_timer/timer.c.o
 .debug_str     0x00004f20      0xe76 CMakeFiles/hello_lcd.dir/home/windra/pico-sdk/src/rp2_common/hardware_clocks/clocks.c.o
 .debug_str     0x00004f20      0x430 CMakeFiles/hello_lcd.dir/home/windra/pico-sdk/src/rp2_common/hardware_pll/pll.c.o
 .debug_str     0x00004f20      0x253 CMakeFiles/hello_lcd.dir/home/windra/pico-sdk/src/rp2_common/hardware_ticks/ticks.c.o
 .debug_str     0x00004f20      0x30d CMakeFiles/hello_lcd.dir/home/windra/pico-sdk/src/rp2_common/pico_bootrom/bootrom.c.o
 .debug_str     0x00004f20      0x208 CMakeFiles/hello_lcd.dir/home/windra/pico-sdk/src/rp2_common/hardware_xosc/xosc.c.o
 .debug_str     0x00004f20      0x263 CMakeFiles/hello_lcd.dir/home/windra/pico-sdk/src/rp2_common/pico_runtime/runtime.c.o
 .debug_str     0x00004f20      0x78b CMakeFiles/hello_lcd.dir/home/windra/pico-sdk/src/rp2_common/pico_runtime_init/runtime_init.c.o
 .debug_str     0x00004f20      0x460 CMakeFiles/hello_lcd.dir/home/windra/pico-sdk/src/rp2_common/pico_runtime_init/runtime_init_clocks.c.o
 .debug_str     0x00004f20       0x70 CMakeFiles/hello_lcd.dir/home/windra/pico-sdk/src/rp2_common/pico_bit_ops/bit_ops_aeabi.S.o
 .debug_str     0x00004f20       0x73 CMakeFiles/hello_lcd.dir/home/windra/pico-sdk/src/rp2_common/pico_divider/divider_hardware.S.o
 .debug_str     0x00004f20       0x75 CMakeFiles/hello_lcd.dir/home/windra/pico-sdk/src/rp2_common/pico_double/double_aeabi_rp2040.S.o
 .debug_str     0x00004f20      0x28b CMakeFiles/hello_lcd.dir/home/windra/pico-sdk/src/rp2_common/pico_double/double_init_rom_rp2040.c.o
 .debug_str     0x00004f20       0x7b CMakeFiles/hello_lcd.dir/home/windra/pico-sdk/src/rp2_common/pico_double/double_v1_rom_shim_rp2040.S.o
 .debug_str     0x00004f20       0x79 CMakeFiles/hello_lcd.dir/home/windra/pico-sdk/src/rp2_common/pico_int64_ops/pico_int64_ops_aeabi.S.o
 .debug_str     0x00004f20       0x73 CMakeFiles/hello_lcd.dir/home/windra/pico-sdk/src/rp2_common/pico_float/float_aeabi_rp2040.S.o
 .debug_str     0x00004f20      0x270 CMakeFiles/hello_lcd.dir/home/windra/pico-sdk/src/rp2_common/pico_float/float_init_rom_rp2040.c.o
 .debug_str     0x00004f20       0x79 CMakeFiles/hello_lcd.dir/home/windra/pico-sdk/src/rp2_common/pico_float/float_v1_rom_shim_rp2040.S.o
 .debug_str     0x00004f20       0x70 CMakeFiles/hello_lcd.dir/home/windra/pico-sdk/src/rp2_common/pico_mem_ops/mem_ops_aeabi.S.o
 .debug_str     0x00004f20      0x3ae CMakeFiles/hello_lcd.dir/home/windra/pico-sdk/src/rp2_common/pico_standard_binary_info/standard_binary_info.c.o
 .debug_str     0x00004f20      0x49b CMakeFiles/hello_lcd.dir/home/windra/pico-sdk/src/rp2_common/pico_printf/printf.c.o
 .debug_str     0x00004f20       0x64 CMakeFiles/hello_lcd.dir/home/windra/pico-sdk/src/rp2_common/pico_crt0/crt0.S.o
 .debug_str     0x00004f20      0x75e CMakeFiles/hello_lcd.dir/home/windra/pico-sdk/src/rp2_common/pico_clib_interface/newlib_interface.c.o
 .debug_str     0x00004f20      0xeb6 CMakeFiles/hello_lcd.dir/home/windra/pico-sdk/src/rp2_common/pico_stdio/stdio.c.o
 .debug_str     0x00004f20     0x13af CMakeFiles/hello_lcd.dir/home/windra/pico-sdk/src/rp2_common/hardware_i2c/i2c.c.o
 .debug_str     0x00004f20       0xbf /usr/lib/gcc/arm-none-eabi/13.2.1/thumb/v6-m/nofp/libgcc.a(_dvmd_tls.o)
 .debug_str     0x00004f20      0x1aa /usr/lib/gcc/arm-none-eabi/13.2.1/../../../arm-none-eabi/lib/thumb/v6-m/nofp/libg.a(libc_a-strlen-stub.o)

.comment        0x00000000       0x26
 .comment       0x00000000       0x26 CMakeFiles/hello_lcd.dir/hello_lcd.c.o
                                 0x27 (size before relaxing)
 .comment       0x00000026       0x27 CMakeFiles/hello_lcd.dir/home/windra/pico-sdk/src/rp2_common/hardware_gpio/gpio.c.o
 .comment       0x00000026       0x27 CMakeFiles/hello_lcd.dir/home/windra/pico-sdk/src/rp2_common/pico_platform_panic/panic.c.o
 .comment       0x00000026       0x27 CMakeFiles/hello_lcd.dir/home/windra/pico-sdk/src/common/hardware_claim/claim.c.o
 .comment       0x00000026       0x27 CMakeFiles/hello_lcd.dir/home/windra/pico-sdk/src/rp2_common/hardware_sync/sync.c.o
 .comment       0x00000026       0x27 CMakeFiles/hello_lcd.dir/home/windra/pico-sdk/src/rp2_common/hardware_sync_spin_lock/sync_spin_lock.c.o
 .comment       0x00000026       0x27 CMakeFiles/hello_lcd.dir/home/windra/pico-sdk/src/rp2_common/hardware_irq/irq.c.o
 .comment       0x00000026       0x27 CMakeFiles/hello_lcd.dir/home/windra/pico-sdk/src/common/pico_sync/lock_core.c.o
 .comment       0x00000026       0x27 CMakeFiles/hello_lcd.dir/home/windra/pico-sdk/src/common/pico_sync/mutex.c.o
 .comment       0x00000026       0x27 CMakeFiles/hello_lcd.dir/home/windra/pico-sdk/src/common/pico_time/time.c.o
 .comment       0x00000026       0x27 CMakeFiles/hello_lcd.dir/home/windra/pico-sdk/src/rp2_common/hardware_timer/timer.c.o
 .comment       0x00000026       0x27 CMakeFiles/hello_lcd.dir/home/windra/pico-sdk/src/rp2_common/hardware_clocks/clocks.c.o
 .comment       0x00000026       0x27 CMakeFiles/hello_lcd.dir/home/windra/pico-sdk/src/rp2_common/hardware_pll/pll.c.o
 .comment       0x00000026       0x27 CMakeFiles/hello_lcd.dir/home/windra/pico-sdk/src/rp2_common/hardware_ticks/ticks.c.o
 .comment       0x00000026       0x27 CMakeFiles/hello_lcd.dir/home/windra/pico-sdk/src/rp2_common/pico_bootrom/bootrom.c.o
 .comment       0x00000026       0x27 CMakeFiles/hello_lcd.dir/home/windra/pico-sdk/src/rp2_common/hardware_xosc/xosc.c.o
 .comment       0x00000026       0x27 CMakeFiles/hello_lcd.dir/home/windra/pico-sdk/src/rp2_common/pico_runtime/runtime.c.o
 .comment       0x00000026       0x27 CMakeFiles/hello_lcd.dir/home/windra/pico-sdk/src/rp2_common/pico_runtime_init/runtime_init.c.o
 .comment       0x00000026       0x27 CMakeFiles/hello_lcd.dir/home/windra/pico-sdk/src/rp2_common/pico_runtime_init/runtime_init_clocks.c.o
 .comment       0x00000026       0x27 CMakeFiles/hello_lcd.dir/home/windra/pico-sdk/src/rp2_common/pico_double/double_init_rom_rp2040.c.o
 .comment       0x00000026       0x27 CMakeFiles/hello_lcd.dir/home/windra/pico-sdk/src/rp2_common/pico_float/float_init_rom_rp2040.c.o
 .comment       0x00000026       0x27 CMakeFiles/hello_lcd.dir/home/windra/pico-sdk/src/rp2_common/pico_standard_binary_info/standard_binary_info.c.o
 .comment       0x00000026       0x27 CMakeFiles/hello_lcd.dir/home/windra/pico-sdk/src/rp2_common/pico_printf/printf.c.o
 .comment       0x00000026       0x27 CMakeFiles/hello_lcd.dir/home/windra/pico-sdk/src/rp2_common/pico_clib_interface/newlib_interface.c.o
 .comment       0x00000026       0x27 CMakeFiles/hello_lcd.dir/home/windra/pico-sdk/src/rp2_common/pico_stdio/stdio.c.o
 .comment       0x00000026       0x27 CMakeFiles/hello_lcd.dir/home/windra/pico-sdk/src/rp2_common/hardware_i2c/i2c.c.o
 .comment       0x00000026       0x27 /usr/lib/gcc/arm-none-eabi/13.2.1/../../../arm-none-eabi/lib/thumb/v6-m/nofp/libg.a(libc_a-strlen-stub.o)

.ARM.attributes
                0x00000000       0x2a
 .ARM.attributes
                0x00000000       0x2c CMakeFiles/hello_lcd.dir/hello_lcd.c.o
 .ARM.attributes
                0x0000002c       0x2c CMakeFiles/hello_lcd.dir/home/windra/pico-sdk/src/rp2_common/hardware_gpio/gpio.c.o
 .ARM.attributes
                0x00000058       0x2c CMakeFiles/hello_lcd.dir/home/windra/pico-sdk/src/rp2_common/pico_platform_panic/panic.c.o
 .ARM.attributes
                0x00000084       0x2c CMakeFiles/hello_lcd.dir/home/windra/pico-sdk/src/common/hardware_claim/claim.c.o
 .ARM.attributes
                0x000000b0       0x2c CMakeFiles/hello_lcd.dir/home/windra/pico-sdk/src/rp2_common/hardware_sync/sync.c.o
 .ARM.attributes
                0x000000dc       0x2c CMakeFiles/hello_lcd.dir/home/windra/pico-sdk/src/rp2_common/hardware_sync_spin_lock/sync_spin_lock.c.o
 .ARM.attributes
                0x00000108       0x2c CMakeFiles/hello_lcd.dir/home/windra/pico-sdk/src/rp2_common/hardware_irq/irq.c.o
 .ARM.attributes
                0x00000134       0x2c CMakeFiles/hello_lcd.dir/home/windra/pico-sdk/src/common/pico_sync/lock_core.c.o
 .ARM.attributes
                0x00000160       0x2c CMakeFiles/hello_lcd.dir/home/windra/pico-sdk/src/common/pico_sync/mutex.c.o
 .ARM.attributes
                0x0000018c       0x2c CMakeFiles/hello_lcd.dir/home/windra/pico-sdk/src/common/pico_time/time.c.o
 .ARM.attributes
                0x000001b8       0x2c CMakeFiles/hello_lcd.dir/home/windra/pico-sdk/src/rp2_common/hardware_timer/timer.c.o
 .ARM.attributes
                0x000001e4       0x2c CMakeFiles/hello_lcd.dir/home/windra/pico-sdk/src/rp2_common/hardware_clocks/clocks.c.o
 .ARM.attributes
                0x00000210       0x2c CMakeFiles/hello_lcd.dir/home/windra/pico-sdk/src/rp2_common/hardware_pll/pll.c.o
 .ARM.attributes
                0x0000023c       0x2c CMakeFiles/hello_lcd.dir/home/windra/pico-sdk/src/rp2_common/hardware_ticks/ticks.c.o
 .ARM.attributes
                0x00000268       0x2c CMakeFiles/hello_lcd.dir/home/windra/pico-sdk/src/rp2_common/pico_bootrom/bootrom.c.o
 .ARM.attributes
                0x00000294       0x2c CMakeFiles/hello_lcd.dir/home/windra/pico-sdk/src/rp2_common/hardware_xosc/xosc.c.o
 .ARM.attributes
                0x000002c0       0x2c CMakeFiles/hello_lcd.dir/home/windra/pico-sdk/src/rp2_common/pico_runtime/runtime.c.o
 .ARM.attributes
                0x000002ec       0x2c CMakeFiles/hello_lcd.dir/home/windra/pico-sdk/src/rp2_common/pico_runtime_init/runtime_init.c.o
 .ARM.attributes
                0x00000318       0x2c CMakeFiles/hello_lcd.dir/home/windra/pico-sdk/src/rp2_common/pico_runtime_init/runtime_init_clocks.c.o
 .ARM.attributes
                0x00000344       0x22 CMakeFiles/hello_lcd.dir/home/windra/pico-sdk/src/rp2_common/pico_bit_ops/bit_ops_aeabi.S.o
 .ARM.attributes
                0x00000366       0x22 CMakeFiles/hello_lcd.dir/home/windra/pico-sdk/src/rp2_common/pico_divider/divider_hardware.S.o
 .ARM.attributes
                0x00000388       0x22 CMakeFiles/hello_lcd.dir/home/windra/pico-sdk/src/rp2_common/pico_double/double_aeabi_rp2040.S.o
 .ARM.attributes
                0x000003aa       0x2c CMakeFiles/hello_lcd.dir/home/windra/pico-sdk/src/rp2_common/pico_double/double_init_rom_rp2040.c.o
 .ARM.attributes
                0x000003d6       0x22 CMakeFiles/hello_lcd.dir/home/windra/pico-sdk/src/rp2_common/pico_double/double_v1_rom_shim_rp2040.S.o
 .ARM.attributes
                0x000003f8       0x22 CMakeFiles/hello_lcd.dir/home/windra/pico-sdk/src/rp2_common/pico_int64_ops/pico_int64_ops_aeabi.S.o
 .ARM.attributes
                0x0000041a       0x22 CMakeFiles/hello_lcd.dir/home/windra/pico-sdk/src/rp2_common/pico_float/float_aeabi_rp2040.S.o
 .ARM.attributes
                0x0000043c       0x2c CMakeFiles/hello_lcd.dir/home/windra/pico-sdk/src/rp2_common/pico_float/float_init_rom_rp2040.c.o
 .ARM.attributes
                0x00000468       0x22 CMakeFiles/hello_lcd.dir/home/windra/pico-sdk/src/rp2_common/pico_float/float_v1_rom_shim_rp2040.S.o
 .ARM.attributes
                0x0000048a       0x22 CMakeFiles/hello_lcd.dir/home/windra/pico-sdk/src/rp2_common/pico_mem_ops/mem_ops_aeabi.S.o
 .ARM.attributes
                0x000004ac       0x2c CMakeFiles/hello_lcd.dir/home/windra/pico-sdk/src/rp2_common/pico_standard_binary_info/standard_binary_info.c.o
 .ARM.attributes
                0x000004d8       0x2c CMakeFiles/hello_lcd.dir/home/windra/pico-sdk/src/rp2_common/pico_printf/printf.c.o
 .ARM.attributes
                0x00000504       0x22 CMakeFiles/hello_lcd.dir/home/windra/pico-sdk/src/rp2_common/pico_crt0/crt0.S.o
 .ARM.attributes
                0x00000526       0x2c CMakeFiles/hello_lcd.dir/home/windra/pico-sdk/src/rp2_common/pico_clib_interface/newlib_interface.c.o
 .ARM.attributes
                0x00000552       0x2c CMakeFiles/hello_lcd.dir/home/windra/pico-sdk/src/rp2_common/pico_stdio/stdio.c.o
 .ARM.attributes
                0x0000057e       0x2c CMakeFiles/hello_lcd.dir/home/windra/pico-sdk/src/rp2_common/hardware_i2c/i2c.c.o
 .ARM.attributes
                0x000005aa       0x22 pico-sdk/src/rp2040/boot_stage2/CMakeFiles/bs2_default_library.dir/bs2_default_padded_checksummed.S.o
 .ARM.attributes
                0x000005cc       0x1e /usr/lib/gcc/arm-none-eabi/13.2.1/thumb/v6-m/nofp/libgcc.a(_dvmd_tls.o)
 .ARM.attributes
                0x000005ea       0x2c /usr/lib/gcc/arm-none-eabi/13.2.1/../../../arm-none-eabi/lib/thumb/v6-m/nofp/libg.a(libc_a-strlen-stub.o)

.debug_frame    0x00000000     0x1d08
 .debug_frame   0x00000000      0x154 CMakeFiles/hello_lcd.dir/hello_lcd.c.o
 .debug_frame   0x00000154      0x2d0 CMakeFiles/hello_lcd.dir/home/windra/pico-sdk/src/rp2_common/hardware_gpio/gpio.c.o